// Jest Snapshot v1, https://goo.gl/fbAQLP

exports[`ScanModes check ScanModes 1`] = `
<div>
  <div
    class="row"
  >
    <h5>
      Scan Modes
      <button
        aria-label="Close"
        class="close"
        id="id"
      >
        <svg
          class="oi-help"
          fill="currentColor"
          height="1em"
          stroke="currentColor"
          stroke-width="0"
          viewBox="0 0 512 512"
          width="1em"
          xmlns="http://www.w3.org/2000/svg"
        >
          <path
            d="M256 8C119.043 8 8 119.083 8 256c0 136.997 111.043 248 248 248s248-111.003 248-248C504 119.083 392.957 8 256 8zm0 448c-110.532 0-200-89.431-200-200 0-110.495 89.472-200 200-200 110.491 0 200 89.471 200 200 0 110.53-89.431 200-200 200zm107.244-255.2c0 67.052-72.421 68.084-72.421 92.863V300c0 6.627-5.373 12-12 12h-45.647c-6.627 0-12-5.373-12-12v-8.659c0-35.745 27.1-50.034 47.579-61.516 17.561-9.845 28.324-16.541 28.324-29.579 0-17.246-21.999-28.693-39.784-28.693-23.189 0-33.894 10.977-48.942 29.969-4.057 5.12-11.46 6.071-16.666 2.124l-27.824-21.098c-5.107-3.872-6.251-11.066-2.644-16.363C184.846 131.491 214.94 112 261.794 112c49.071 0 101.45 38.304 101.45 88.8zM298 368c0 23.159-18.841 42-42 42s-42-18.841-42-42 18.841-42 42-42 42 18.841 42 42z"
          />
        </svg>
      </button>
    </h5>
  </div>
  <div
    class="container-fluid"
  >
    <div
      class="collapse"
      toggler="id"
    >
      <div
        class="row"
        style="margin-bottom: 15px;"
      >
        <div
          class="col"
        >
          <p>
            South protocols scan the dataSources on a regular basis (every minute, every hour, ...). These scan modes needs to be defined in this section before they can be used on the various protocols. The syntax is derived from the unix cron syntax with a precision to the millisecond.
          </p>
          <p>
            <code>
              &lt;year&gt; &lt;month&gt; &lt;day&gt; &lt;hour&gt; &lt;minute&gt; &lt;second&gt; &lt;millisecond&gt; &lt;microsecond&gt;
            </code>
          </p>
          <p>
            The table below gives several examples.
          </p>
          <p>
            (A special scanMode - listen - needs to be defined for protocols if you have protocols reacting to events mode such as MQTT)
          </p>
          <div>
            <table>
              <thead>
                <tr>
                  <th>
                    Time
                  </th>
                  <th>
                    Time expression
                  </th>
                </tr>
              </thead>
              <tbody>
                <tr>
                  <td>
                    Every hour
                  </td>
                  <td>
                    * * * *
                  </td>
                </tr>
                <tr>
                  <td>
                    Every 10 minutes
                  </td>
                  <td>
                    * * * * /10
                  </td>
                </tr>
                <tr>
                  <td>
                    Every 3th Hour on work days
                  </td>
                  <td>
                    * * w1-5 /3
                  </td>
                </tr>
                <tr>
                  <td>
                    Once at a specific time
                  </td>
                  <td>
                    2014 5 13 18 53 7 300 230
                  </td>
                </tr>
                <tr>
                  <td>
                    Every morning at 7:30 but not on weekends
                  </td>
                  <td>
                    * * !6-7 7 30
                  </td>
                </tr>
                <tr>
                  <td>
                    Every 10 minutes in the day time
                  </td>
                  <td>
                    * * * 8-18 /10
                  </td>
                </tr>
              </tbody>
            </table>
          </div>
        </div>
      </div>
    </div>
  </div>
  <div
    class="row"
  >
    <div
      class="col-md-6"
    >
      <table
        class="table table-sm table-striped table-hover"
      >
        <thead>
          <tr>
            <th
              scope="col"
            >
              <svg
                class="oi-icon"
                fill="currentColor"
                height="1em"
                stroke="currentColor"
                stroke-width="0"
                viewBox="0 0 512 512"
                width="1em"
                xmlns="http://www.w3.org/2000/svg"
              >
                <path
                  d="M256 8C119 8 8 119 8 256s111 248 248 248 248-111 248-248S393 8 256 8zm144 276c0 6.6-5.4 12-12 12h-92v92c0 6.6-5.4 12-12 12h-56c-6.6 0-12-5.4-12-12v-92h-92c-6.6 0-12-5.4-12-12v-56c0-6.6 5.4-12 12-12h92v-92c0-6.6 5.4-12 12-12h56c6.6 0 12 5.4 12 12v92h92c6.6 0 12 5.4 12 12v56z"
                />
              </svg>
              <span>
                scanMode
              </span>
            </th>
            <th
              scope="col"
            >
              cron
            </th>
            <th
              scope="col"
            />
          </tr>
        </thead>
        <tbody>
          <tr>
            <td>
              <div
                class="form-group"
                style="margin-bottom: 0px;"
              >
                <input
                  class="oi-form-input form-control"
                  id="engine.scanModes.0.scanMode"
                  name="engine.scanModes.0.scanMode"
                  type="text"
                  value="everySecond"
                />
                <div
                  class="invalid-feedback"
                />
              </div>
            </td>
            <td>
              <div
                class="form-group"
                style="margin-bottom: 0px;"
              >
                <input
                  class="oi-form-input form-control"
                  id="engine.scanModes.0.cronTime"
                  name="engine.scanModes.0.cronTime"
                  type="text"
                  value="* * * * * *"
                />
                <div
                  class="invalid-feedback"
                />
              </div>
            </td>
            <td>
              <svg
                class="oi-icon"
                fill="currentColor"
                height="1em"
                stroke="currentColor"
                stroke-width="0"
                viewBox="0 0 448 512"
                width="1em"
                xmlns="http://www.w3.org/2000/svg"
              >
                <path
                  d="M32 464a48 48 0 0 0 48 48h288a48 48 0 0 0 48-48V128H32zm272-256a16 16 0 0 1 32 0v224a16 16 0 0 1-32 0zm-96 0a16 16 0 0 1 32 0v224a16 16 0 0 1-32 0zm-96 0a16 16 0 0 1 32 0v224a16 16 0 0 1-32 0zM432 32H312l-9.4-18.7A24 24 0 0 0 281.1 0H166.8a23.72 23.72 0 0 0-21.4 13.3L136 32H16A16 16 0 0 0 0 48v32a16 16 0 0 0 16 16h416a16 16 0 0 0 16-16V48a16 16 0 0 0-16-16z"
                />
              </svg>
            </td>
          </tr>
          <tr>
            <td>
              <div
                class="form-group"
                style="margin-bottom: 0px;"
              >
                <input
                  class="oi-form-input form-control"
                  id="engine.scanModes.1.scanMode"
                  name="engine.scanModes.1.scanMode"
                  type="text"
                  value="every10Second"
                />
                <div
                  class="invalid-feedback"
                />
              </div>
            </td>
            <td>
              <div
                class="form-group"
                style="margin-bottom: 0px;"
              >
                <input
                  class="oi-form-input form-control"
                  id="engine.scanModes.1.cronTime"
                  name="engine.scanModes.1.cronTime"
                  type="text"
                  value="* * * * * /10"
                />
                <div
                  class="invalid-feedback"
                />
              </div>
            </td>
            <td>
              <svg
                class="oi-icon"
                fill="currentColor"
                height="1em"
                stroke="currentColor"
                stroke-width="0"
                viewBox="0 0 448 512"
                width="1em"
                xmlns="http://www.w3.org/2000/svg"
              >
                <path
                  d="M32 464a48 48 0 0 0 48 48h288a48 48 0 0 0 48-48V128H32zm272-256a16 16 0 0 1 32 0v224a16 16 0 0 1-32 0zm-96 0a16 16 0 0 1 32 0v224a16 16 0 0 1-32 0zm-96 0a16 16 0 0 1 32 0v224a16 16 0 0 1-32 0zM432 32H312l-9.4-18.7A24 24 0 0 0 281.1 0H166.8a23.72 23.72 0 0 0-21.4 13.3L136 32H16A16 16 0 0 0 0 48v32a16 16 0 0 0 16 16h416a16 16 0 0 0 16-16V48a16 16 0 0 0-16-16z"
                />
              </svg>
            </td>
          </tr>
          <tr>
            <td>
              <div
                class="form-group"
                style="margin-bottom: 0px;"
              >
                <input
                  class="oi-form-input form-control"
                  id="engine.scanModes.2.scanMode"
                  name="engine.scanModes.2.scanMode"
                  type="text"
                  value="every1Min"
                />
                <div
                  class="invalid-feedback"
                />
              </div>
            </td>
            <td>
              <div
                class="form-group"
                style="margin-bottom: 0px;"
              >
                <input
                  class="oi-form-input form-control"
                  id="engine.scanModes.2.cronTime"
                  name="engine.scanModes.2.cronTime"
                  type="text"
                  value="* * * * *"
                />
                <div
                  class="invalid-feedback"
                />
              </div>
            </td>
            <td>
              <svg
                class="oi-icon"
                fill="currentColor"
                height="1em"
                stroke="currentColor"
                stroke-width="0"
                viewBox="0 0 448 512"
                width="1em"
                xmlns="http://www.w3.org/2000/svg"
              >
                <path
                  d="M32 464a48 48 0 0 0 48 48h288a48 48 0 0 0 48-48V128H32zm272-256a16 16 0 0 1 32 0v224a16 16 0 0 1-32 0zm-96 0a16 16 0 0 1 32 0v224a16 16 0 0 1-32 0zm-96 0a16 16 0 0 1 32 0v224a16 16 0 0 1-32 0zM432 32H312l-9.4-18.7A24 24 0 0 0 281.1 0H166.8a23.72 23.72 0 0 0-21.4 13.3L136 32H16A16 16 0 0 0 0 48v32a16 16 0 0 0 16 16h416a16 16 0 0 0 16-16V48a16 16 0 0 0-16-16z"
                />
              </svg>
            </td>
          </tr>
          <tr>
            <td>
              <div
                class="form-group"
                style="margin-bottom: 0px;"
              >
                <input
                  class="oi-form-input form-control"
                  id="engine.scanModes.3.scanMode"
                  name="engine.scanModes.3.scanMode"
                  type="text"
                  value="listen"
                />
                <div
                  class="invalid-feedback"
                />
              </div>
            </td>
            <td>
              <div
                class="form-group"
                style="margin-bottom: 0px;"
              >
                <input
                  class="oi-form-input form-control"
                  id="engine.scanModes.3.cronTime"
                  name="engine.scanModes.3.cronTime"
                  type="text"
                  value="listen"
                />
                <div
                  class="invalid-feedback"
                />
              </div>
            </td>
            <td>
              <svg
                class="oi-icon"
                fill="currentColor"
                height="1em"
                stroke="currentColor"
                stroke-width="0"
                viewBox="0 0 448 512"
                width="1em"
                xmlns="http://www.w3.org/2000/svg"
              >
                <path
                  d="M32 464a48 48 0 0 0 48 48h288a48 48 0 0 0 48-48V128H32zm272-256a16 16 0 0 1 32 0v224a16 16 0 0 1-32 0zm-96 0a16 16 0 0 1 32 0v224a16 16 0 0 1-32 0zm-96 0a16 16 0 0 1 32 0v224a16 16 0 0 1-32 0zM432 32H312l-9.4-18.7A24 24 0 0 0 281.1 0H166.8a23.72 23.72 0 0 0-21.4 13.3L136 32H16A16 16 0 0 0 0 48v32a16 16 0 0 0 16 16h416a16 16 0 0 0 16-16V48a16 16 0 0 0-16-16z"
                />
              </svg>
            </td>
          </tr>
        </tbody>
      </table>
    </div>
  </div>
</div>
`;
