// Jest Snapshot v1, https://goo.gl/fbAQLP

exports[`ConfirmationModal display ConfirmationModal page based on config 1`] = `<div />`;
