// Jest Snapshot v1, https://goo.gl/fbAQLP

exports[`Modal check Modal 1`] = `
<div>
  1
</div>
`;
