// Jest Snapshot v1, https://goo.gl/fbAQLP

exports[`EngineMenu check cancel restart 1`] = `
<div>
  <div
    class="dropdown"
  >
    <button
      aria-expanded="false"
      aria-haspopup="true"
      class="icon-dropdown btn btn-secondary btn-sm"
      type="button"
    >
      <svg
        class="icon-dropdown-ellipsis"
        fill="currentColor"
        height="1em"
        id="dropdown-toggle"
        stroke="currentColor"
        stroke-width="0"
        viewBox="0 0 192 512"
        width="1em"
        xmlns="http://www.w3.org/2000/svg"
      >
        <path
          d="M96 184c39.8 0 72 32.2 72 72s-32.2 72-72 72-72-32.2-72-72 32.2-72 72-72zM24 80c0 39.8 32.2 72 72 72s72-32.2 72-72S135.8 8 96 8 24 40.2 24 80zm0 352c0 39.8 32.2 72 72 72s72-32.2 72-72-32.2-72-72-72-72 32.2-72 72z"
        />
      </svg>
    </button>
    <div
      aria-hidden="true"
      class="dropdown-menu"
      role="menu"
      style="text-align: center;"
      tabindex="-1"
    >
      <button
        class="dropdown-item dropdown-item"
        id="add-north"
        role="menuitem"
        tabindex="0"
        type="button"
      >
        Add North
      </button>
      <button
        class="dropdown-item dropdown-item"
        id="add-south"
        role="menuitem"
        tabindex="0"
        type="button"
      >
        Add South
      </button>
      <button
        class="dropdown-item dropdown-item"
        role="menuitem"
        tabindex="0"
        type="button"
      >
        <div
          aria-hidden="true"
          id="oi-settings"
          role="button"
        >
          Settings
        </div>
      </button>
      <button
        class="dropdown-item dropdown-item"
        id="restart"
        role="menuitem"
        tabindex="0"
        type="button"
      >
        Restart
      </button>
      <button
        class="dropdown-item dropdown-item"
        id="shutdown"
        role="menuitem"
        tabindex="0"
        type="button"
      >
        Shutdown
      </button>
    </div>
  </div>
</div>
`;

exports[`EngineMenu check cancel shutdown 1`] = `
<div>
  <div
    class="dropdown"
  >
    <button
      aria-expanded="false"
      aria-haspopup="true"
      class="icon-dropdown btn btn-secondary btn-sm"
      type="button"
    >
      <svg
        class="icon-dropdown-ellipsis"
        fill="currentColor"
        height="1em"
        id="dropdown-toggle"
        stroke="currentColor"
        stroke-width="0"
        viewBox="0 0 192 512"
        width="1em"
        xmlns="http://www.w3.org/2000/svg"
      >
        <path
          d="M96 184c39.8 0 72 32.2 72 72s-32.2 72-72 72-72-32.2-72-72 32.2-72 72-72zM24 80c0 39.8 32.2 72 72 72s72-32.2 72-72S135.8 8 96 8 24 40.2 24 80zm0 352c0 39.8 32.2 72 72 72s72-32.2 72-72-32.2-72-72-72-72 32.2-72 72z"
        />
      </svg>
    </button>
    <div
      aria-hidden="true"
      class="dropdown-menu"
      role="menu"
      style="text-align: center;"
      tabindex="-1"
    >
      <button
        class="dropdown-item dropdown-item"
        id="add-north"
        role="menuitem"
        tabindex="0"
        type="button"
      >
        Add North
      </button>
      <button
        class="dropdown-item dropdown-item"
        id="add-south"
        role="menuitem"
        tabindex="0"
        type="button"
      >
        Add South
      </button>
      <button
        class="dropdown-item dropdown-item"
        role="menuitem"
        tabindex="0"
        type="button"
      >
        <div
          aria-hidden="true"
          id="oi-settings"
          role="button"
        >
          Settings
        </div>
      </button>
      <button
        class="dropdown-item dropdown-item"
        id="restart"
        role="menuitem"
        tabindex="0"
        type="button"
      >
        Restart
      </button>
      <button
        class="dropdown-item dropdown-item"
        id="shutdown"
        role="menuitem"
        tabindex="0"
        type="button"
      >
        Shutdown
      </button>
    </div>
  </div>
</div>
`;

exports[`EngineMenu check restart engine 1`] = `
<div>
  <div
    class="dropdown"
  >
    <button
      aria-expanded="false"
      aria-haspopup="true"
      class="icon-dropdown btn btn-secondary btn-sm"
      type="button"
    >
      <svg
        class="icon-dropdown-ellipsis"
        fill="currentColor"
        height="1em"
        id="dropdown-toggle"
        stroke="currentColor"
        stroke-width="0"
        viewBox="0 0 192 512"
        width="1em"
        xmlns="http://www.w3.org/2000/svg"
      >
        <path
          d="M96 184c39.8 0 72 32.2 72 72s-32.2 72-72 72-72-32.2-72-72 32.2-72 72-72zM24 80c0 39.8 32.2 72 72 72s72-32.2 72-72S135.8 8 96 8 24 40.2 24 80zm0 352c0 39.8 32.2 72 72 72s72-32.2 72-72-32.2-72-72-72-72 32.2-72 72z"
        />
      </svg>
    </button>
    <div
      aria-hidden="true"
      class="dropdown-menu"
      role="menu"
      style="text-align: center;"
      tabindex="-1"
    >
      <button
        class="dropdown-item dropdown-item"
        id="add-north"
        role="menuitem"
        tabindex="0"
        type="button"
      >
        Add North
      </button>
      <button
        class="dropdown-item dropdown-item"
        id="add-south"
        role="menuitem"
        tabindex="0"
        type="button"
      >
        Add South
      </button>
      <button
        class="dropdown-item dropdown-item"
        role="menuitem"
        tabindex="0"
        type="button"
      >
        <div
          aria-hidden="true"
          id="oi-settings"
          role="button"
        >
          Settings
        </div>
      </button>
      <button
        class="dropdown-item dropdown-item"
        id="restart"
        role="menuitem"
        tabindex="0"
        type="button"
      >
        Restart
      </button>
      <button
        class="dropdown-item dropdown-item"
        id="shutdown"
        role="menuitem"
        tabindex="0"
        type="button"
      >
        Shutdown
      </button>
    </div>
  </div>
</div>
`;

exports[`EngineMenu check shutdown engine 1`] = `
<div>
  <div
    class="dropdown"
  >
    <button
      aria-expanded="false"
      aria-haspopup="true"
      class="icon-dropdown btn btn-secondary btn-sm"
      type="button"
    >
      <svg
        class="icon-dropdown-ellipsis"
        fill="currentColor"
        height="1em"
        id="dropdown-toggle"
        stroke="currentColor"
        stroke-width="0"
        viewBox="0 0 192 512"
        width="1em"
        xmlns="http://www.w3.org/2000/svg"
      >
        <path
          d="M96 184c39.8 0 72 32.2 72 72s-32.2 72-72 72-72-32.2-72-72 32.2-72 72-72zM24 80c0 39.8 32.2 72 72 72s72-32.2 72-72S135.8 8 96 8 24 40.2 24 80zm0 352c0 39.8 32.2 72 72 72s72-32.2 72-72-32.2-72-72-72-72 32.2-72 72z"
        />
      </svg>
    </button>
    <div
      aria-hidden="true"
      class="dropdown-menu"
      role="menu"
      style="text-align: center;"
      tabindex="-1"
    >
      <button
        class="dropdown-item dropdown-item"
        id="add-north"
        role="menuitem"
        tabindex="0"
        type="button"
      >
        Add North
      </button>
      <button
        class="dropdown-item dropdown-item"
        id="add-south"
        role="menuitem"
        tabindex="0"
        type="button"
      >
        Add South
      </button>
      <button
        class="dropdown-item dropdown-item"
        role="menuitem"
        tabindex="0"
        type="button"
      >
        <div
          aria-hidden="true"
          id="oi-settings"
          role="button"
        >
          Settings
        </div>
      </button>
      <button
        class="dropdown-item dropdown-item"
        id="restart"
        role="menuitem"
        tabindex="0"
        type="button"
      >
        Restart
      </button>
      <button
        class="dropdown-item dropdown-item"
        id="shutdown"
        role="menuitem"
        tabindex="0"
        type="button"
      >
        Shutdown
      </button>
    </div>
  </div>
</div>
`;

exports[`EngineMenu display EngineMenu page based on config 1`] = `
<div>
  <div
    class="dropdown"
  >
    <button
      aria-expanded="false"
      aria-haspopup="true"
      class="icon-dropdown btn btn-secondary btn-sm"
      type="button"
    >
      <svg
        class="icon-dropdown-ellipsis"
        fill="currentColor"
        height="1em"
        id="dropdown-toggle"
        stroke="currentColor"
        stroke-width="0"
        viewBox="0 0 192 512"
        width="1em"
        xmlns="http://www.w3.org/2000/svg"
      >
        <path
          d="M96 184c39.8 0 72 32.2 72 72s-32.2 72-72 72-72-32.2-72-72 32.2-72 72-72zM24 80c0 39.8 32.2 72 72 72s72-32.2 72-72S135.8 8 96 8 24 40.2 24 80zm0 352c0 39.8 32.2 72 72 72s72-32.2 72-72-32.2-72-72-72-72 32.2-72 72z"
        />
      </svg>
    </button>
    <div
      aria-hidden="true"
      class="dropdown-menu"
      role="menu"
      style="text-align: center;"
      tabindex="-1"
    >
      <button
        class="dropdown-item dropdown-item"
        id="add-north"
        role="menuitem"
        tabindex="0"
        type="button"
      >
        Add North
      </button>
      <button
        class="dropdown-item dropdown-item"
        id="add-south"
        role="menuitem"
        tabindex="0"
        type="button"
      >
        Add South
      </button>
      <button
        class="dropdown-item dropdown-item"
        role="menuitem"
        tabindex="0"
        type="button"
      >
        <div
          aria-hidden="true"
          id="oi-settings"
          role="button"
        >
          Settings
        </div>
      </button>
      <button
        class="dropdown-item dropdown-item"
        id="restart"
        role="menuitem"
        tabindex="0"
        type="button"
      >
        Restart
      </button>
      <button
        class="dropdown-item dropdown-item"
        id="shutdown"
        role="menuitem"
        tabindex="0"
        type="button"
      >
        Shutdown
      </button>
    </div>
  </div>
</div>
`;

exports[`EngineMenu go to engine settings 1`] = `
<div>
  <div
    class="dropdown"
  >
    <button
      aria-expanded="false"
      aria-haspopup="true"
      class="icon-dropdown btn btn-secondary btn-sm"
      type="button"
    >
      <svg
        class="icon-dropdown-ellipsis"
        fill="currentColor"
        height="1em"
        id="dropdown-toggle"
        stroke="currentColor"
        stroke-width="0"
        viewBox="0 0 192 512"
        width="1em"
        xmlns="http://www.w3.org/2000/svg"
      >
        <path
          d="M96 184c39.8 0 72 32.2 72 72s-32.2 72-72 72-72-32.2-72-72 32.2-72 72-72zM24 80c0 39.8 32.2 72 72 72s72-32.2 72-72S135.8 8 96 8 24 40.2 24 80zm0 352c0 39.8 32.2 72 72 72s72-32.2 72-72-32.2-72-72-72-72 32.2-72 72z"
        />
      </svg>
    </button>
    <div
      aria-hidden="true"
      class="dropdown-menu"
      role="menu"
      style="text-align: center;"
      tabindex="-1"
    >
      <button
        class="dropdown-item dropdown-item"
        id="add-north"
        role="menuitem"
        tabindex="0"
        type="button"
      >
        Add North
      </button>
      <button
        class="dropdown-item dropdown-item"
        id="add-south"
        role="menuitem"
        tabindex="0"
        type="button"
      >
        Add South
      </button>
      <button
        class="dropdown-item dropdown-item"
        role="menuitem"
        tabindex="0"
        type="button"
      >
        <div
          aria-hidden="true"
          id="oi-settings"
          role="button"
        >
          Settings
        </div>
      </button>
      <button
        class="dropdown-item dropdown-item"
        id="restart"
        role="menuitem"
        tabindex="0"
        type="button"
      >
        Restart
      </button>
      <button
        class="dropdown-item dropdown-item"
        id="shutdown"
        role="menuitem"
        tabindex="0"
        type="button"
      >
        Shutdown
      </button>
    </div>
  </div>
</div>
`;
