// Jest Snapshot v1, https://goo.gl/fbAQLP

exports[`Overview display overview based on config 1`] = `
<div>
  <div
    class="container"
  >
    <div
      class="row"
    >
      <div
        class="tight text-success col"
      >
        <div
          class="oi-box d-flex align-items-center"
        >
          <a
            href="/north/c"
          >
            <div>
              c
            </div>
            <div>
              (Console)
            </div>
          </a>
        </div>
      </div>
      <div
        class="tight text-muted col"
      >
        <div
          class="oi-box d-flex align-items-center"
        >
          <a
            href="/north/monoiconnect"
          >
            <div>
              monoiconnect
            </div>
            <div>
              (OIConnect)
            </div>
          </a>
        </div>
      </div>
    </div>
    <div
      class="row"
    >
      <div
        class="tight col"
      >
        <a
          href="/engine"
        >
          <div
            class="oi-box text-success d-flex align-items-center"
          >
            Engine
          </div>
        </a>
      </div>
    </div>
    <div
      class="row"
    >
      <div
        class="tight text-muted col"
      >
        <div
          class="oi-box"
        >
          <a
            href="/south/CSVServer"
          >
            <div>
              CSVServer
            </div>
            <div>
              (CSV)
            </div>
          </a>
          <button
            class="inline-button autosize oi-points-button btn btn-outline-secondary btn-sm"
            type="button"
          >
            Points (2)
          </button>
        </div>
      </div>
      <div
        class="tight text-muted col"
      >
        <div
          class="oi-box"
        >
          <a
            href="/south/MQTTServer"
          >
            <div>
              MQTTServer
            </div>
            <div>
              (MQTT)
            </div>
          </a>
          <button
            class="inline-button autosize oi-points-button btn btn-outline-secondary btn-sm"
            type="button"
          >
            Points (2)
          </button>
        </div>
      </div>
      <div
        class="tight text-muted col"
      >
        <div
          class="oi-box"
        >
          <a
            href="/south/SimulationServer"
          >
            <div>
              SimulationServer
            </div>
            <div>
              (OPCUA)
            </div>
          </a>
          <button
            class="inline-button autosize oi-points-button btn btn-outline-secondary btn-sm"
            type="button"
          >
            Points (2)
          </button>
        </div>
      </div>
      <div
        class="tight text-muted col"
      >
        <div
          class="oi-box"
        >
          <a
            href="/south/SimulationServerBis"
          >
            <div>
              SimulationServerBis
            </div>
            <div>
              (OPCUA)
            </div>
          </a>
          <button
            class="inline-button autosize oi-points-button btn btn-outline-secondary btn-sm"
            type="button"
          >
            Points (1)
          </button>
        </div>
      </div>
      <div
        class="tight text-muted col"
      >
        <div
          class="oi-box"
        >
          <a
            href="/south/PLC-35"
          >
            <div>
              PLC-35
            </div>
            <div>
              (Modbus)
            </div>
          </a>
          <button
            class="inline-button autosize oi-points-button btn btn-outline-secondary btn-sm"
            type="button"
          >
            Points (5)
          </button>
        </div>
      </div>
      <div
        class="tight text-muted col"
      >
        <div
          class="oi-box"
        >
          <a
            href="/south/PLC-42"
          >
            <div>
              PLC-42
            </div>
            <div>
              (Modbus)
            </div>
          </a>
          <button
            class="inline-button autosize oi-points-button btn btn-outline-secondary btn-sm"
            type="button"
          >
            Points (2)
          </button>
        </div>
      </div>
      <div
        class="tight text-success col"
      >
        <div
          class="oi-box"
        >
          <a
            href="/south/FolderScanner"
          >
            <div>
              FolderScanner
            </div>
            <div>
              (FolderScanner)
            </div>
          </a>
          <button
            class="inline-button autosize oi-points-button btn btn-secondary btn-sm disabled"
            disabled=""
          >
            File
          </button>
        </div>
      </div>
      <div
        class="tight text-muted col"
      >
        <div
          class="oi-box"
        >
          <a
            href="/south/SQLDbToFile"
          >
            <div>
              SQLDbToFile
            </div>
            <div>
              (SQLDbToFile)
            </div>
          </a>
          <button
            class="inline-button autosize oi-points-button btn btn-secondary btn-sm disabled"
            disabled=""
          >
            File
          </button>
        </div>
      </div>
      <div
        class="tight text-muted col"
      >
        <div
          class="oi-box"
        >
          <a
            href="/south/OPC-HDA"
          >
            <div>
              OPC-HDA
            </div>
            <div>
              (OPCHDA)
            </div>
          </a>
          <button
            class="inline-button autosize oi-points-button btn btn-outline-secondary btn-sm"
            type="button"
          >
            Points (3)
          </button>
        </div>
      </div>
    </div>
  </div>
</div>
`;
