// Jest Snapshot v1, https://goo.gl/fbAQLP

exports[`South Status display SouthStatus page based on config 1`] = `
<div>
  <div
    class="d-flex align-items-center w-100 oi-sub-nav mb-2"
    id="oi-sub-nav"
  >
    <h6
      class="text-muted d-flex align-items-center ps-3 pt-2 pb-2 mb-0"
    >
      <button
        class="util-button p-0 m-0 btn btn-outline-secondary"
        id="oi-navigate"
        type="button"
      >
        <svg
          class="oi-back-icon"
          fill="currentColor"
          height="1em"
          stroke="currentColor"
          stroke-width="0"
          viewBox="0 0 448 512"
          width="1em"
          xmlns="http://www.w3.org/2000/svg"
        >
          <path
            d="M257.5 445.1l-22.2 22.2c-9.4 9.4-24.6 9.4-33.9 0L7 273c-9.4-9.4-9.4-24.6 0-33.9L201.4 44.7c9.4-9.4 24.6-9.4 33.9 0l22.2 22.2c9.5 9.5 9.3 25-.4 34.3L136.6 216H424c13.3 0 24 10.7 24 24v32c0 13.3-10.7 24-24 24H136.6l120.5 114.8c9.8 9.3 10 24.8.4 34.3z"
          />
        </svg>
      </button>
      <span
        class="mx-2"
      >
        |
      </span>
      <span>
        TestFolderScanner
      </span>
    </h6>
    <div
      class="pull-right me-3"
    >
      <button
        class="inline-button autosize oi-points-button btn btn-outline-secondary btn-sm"
        type="button"
      >
        Points (0)
      </button>
    </div>
  </div>
  <div
    class="container"
  >
    <div
      class="oi-status-error"
    >
      This connector is not enabled.
    </div>
  </div>
</div>
`;

exports[`South Status go to previous page 1`] = `
<div>
  <div
    class="d-flex align-items-center w-100 oi-sub-nav mb-2"
    id="oi-sub-nav"
  >
    <h6
      class="text-muted d-flex align-items-center ps-3 pt-2 pb-2 mb-0"
    >
      <button
        class="util-button p-0 m-0 btn btn-outline-secondary"
        id="oi-navigate"
        type="button"
      >
        <svg
          class="oi-back-icon"
          fill="currentColor"
          height="1em"
          stroke="currentColor"
          stroke-width="0"
          viewBox="0 0 448 512"
          width="1em"
          xmlns="http://www.w3.org/2000/svg"
        >
          <path
            d="M257.5 445.1l-22.2 22.2c-9.4 9.4-24.6 9.4-33.9 0L7 273c-9.4-9.4-9.4-24.6 0-33.9L201.4 44.7c9.4-9.4 24.6-9.4 33.9 0l22.2 22.2c9.5 9.5 9.3 25-.4 34.3L136.6 216H424c13.3 0 24 10.7 24 24v32c0 13.3-10.7 24-24 24H136.6l120.5 114.8c9.8 9.3 10 24.8.4 34.3z"
          />
        </svg>
      </button>
      <span
        class="mx-2"
      >
        |
      </span>
      <span>
        TestFolderScanner
      </span>
    </h6>
    <div
      class="pull-right me-3"
    >
      <button
        class="inline-button autosize oi-points-button btn btn-outline-secondary btn-sm"
        type="button"
      >
        Points (0)
      </button>
    </div>
  </div>
  <div
    class="container"
  >
    <div
      class="oi-status-error"
    >
      This connector is not enabled.
    </div>
  </div>
</div>
`;
