// Jest Snapshot v1, https://goo.gl/fbAQLP

exports[`SouthMenu check cancel delete first south 1`] = `
<div>
  <div
    class="dropdown"
  >
    <button
      aria-expanded="false"
      aria-haspopup="true"
      class="p-0 m-0 oi-dropdown-toggle btn btn-secondary btn-sm"
      id="dropdown-toggle"
      type="button"
    >
      <svg
        fill="currentColor"
        height="1em"
        stroke="currentColor"
        stroke-width="0"
        viewBox="0 0 192 512"
        width="1em"
        xmlns="http://www.w3.org/2000/svg"
      >
        <path
          d="M96 184c39.8 0 72 32.2 72 72s-32.2 72-72 72-72-32.2-72-72 32.2-72 72-72zM24 80c0 39.8 32.2 72 72 72s72-32.2 72-72S135.8 8 96 8 24 40.2 24 80zm0 352c0 39.8 32.2 72 72 72s72-32.2 72-72-32.2-72-72-72-72 32.2-72 72z"
        />
      </svg>
    </button>
    <div
      aria-hidden="true"
      class="dropdown-menu"
      role="menu"
      tabindex="-1"
    >
      <button
        class="dropdown-item"
        id="oi-settings"
        role="menuitem"
        tabindex="0"
        type="button"
      >
        Settings
      </button>
      <button
        class="dropdown-item"
        id="oi-status"
        role="menuitem"
        tabindex="0"
        type="button"
      >
        Status
      </button>
      <button
        class="dropdown-item"
        id="oi-duplicate"
        role="menuitem"
        tabindex="0"
        type="button"
      >
        Duplicate
      </button>
      <button
        class="dropdown-item dropdown-item"
        id="oi-delete"
        role="menuitem"
        tabindex="0"
        type="button"
      >
        Delete
      </button>
    </div>
  </div>
</div>
`;

exports[`SouthMenu check delete first south 1`] = `
<div>
  <div
    class="dropdown"
  >
    <button
      aria-expanded="false"
      aria-haspopup="true"
      class="p-0 m-0 oi-dropdown-toggle btn btn-secondary btn-sm"
      id="dropdown-toggle"
      type="button"
    >
      <svg
        fill="currentColor"
        height="1em"
        stroke="currentColor"
        stroke-width="0"
        viewBox="0 0 192 512"
        width="1em"
        xmlns="http://www.w3.org/2000/svg"
      >
        <path
          d="M96 184c39.8 0 72 32.2 72 72s-32.2 72-72 72-72-32.2-72-72 32.2-72 72-72zM24 80c0 39.8 32.2 72 72 72s72-32.2 72-72S135.8 8 96 8 24 40.2 24 80zm0 352c0 39.8 32.2 72 72 72s72-32.2 72-72-32.2-72-72-72-72 32.2-72 72z"
        />
      </svg>
    </button>
    <div
      aria-hidden="true"
      class="dropdown-menu"
      role="menu"
      tabindex="-1"
    >
      <button
        class="dropdown-item"
        id="oi-settings"
        role="menuitem"
        tabindex="0"
        type="button"
      >
        Settings
      </button>
      <button
        class="dropdown-item"
        id="oi-status"
        role="menuitem"
        tabindex="0"
        type="button"
      >
        Status
      </button>
      <button
        class="dropdown-item"
        id="oi-duplicate"
        role="menuitem"
        tabindex="0"
        type="button"
      >
        Duplicate
      </button>
      <button
        class="dropdown-item dropdown-item"
        id="oi-delete"
        role="menuitem"
        tabindex="0"
        type="button"
      >
        Delete
      </button>
    </div>
  </div>
</div>
`;

exports[`SouthMenu check duplicate south 1`] = `
<div>
  <div
    class="dropdown"
  >
    <button
      aria-expanded="false"
      aria-haspopup="true"
      class="p-0 m-0 oi-dropdown-toggle btn btn-secondary btn-sm"
      id="dropdown-toggle"
      type="button"
    >
      <svg
        fill="currentColor"
        height="1em"
        stroke="currentColor"
        stroke-width="0"
        viewBox="0 0 192 512"
        width="1em"
        xmlns="http://www.w3.org/2000/svg"
      >
        <path
          d="M96 184c39.8 0 72 32.2 72 72s-32.2 72-72 72-72-32.2-72-72 32.2-72 72-72zM24 80c0 39.8 32.2 72 72 72s72-32.2 72-72S135.8 8 96 8 24 40.2 24 80zm0 352c0 39.8 32.2 72 72 72s72-32.2 72-72-32.2-72-72-72-72 32.2-72 72z"
        />
      </svg>
    </button>
    <div
      aria-hidden="true"
      class="dropdown-menu"
      role="menu"
      tabindex="-1"
    >
      <button
        class="dropdown-item"
        id="oi-settings"
        role="menuitem"
        tabindex="0"
        type="button"
      >
        Settings
      </button>
      <button
        class="dropdown-item"
        id="oi-status"
        role="menuitem"
        tabindex="0"
        type="button"
      >
        Status
      </button>
      <button
        class="dropdown-item"
        id="oi-duplicate"
        role="menuitem"
        tabindex="0"
        type="button"
      >
        Duplicate
      </button>
      <button
        class="dropdown-item dropdown-item"
        id="oi-delete"
        role="menuitem"
        tabindex="0"
        type="button"
      >
        Delete
      </button>
    </div>
  </div>
</div>
`;

exports[`SouthMenu check duplicate south already copied 1`] = `
<div>
  <div
    class="dropdown"
  >
    <button
      aria-expanded="false"
      aria-haspopup="true"
      class="p-0 m-0 oi-dropdown-toggle btn btn-secondary btn-sm"
      id="dropdown-toggle"
      type="button"
    >
      <svg
        fill="currentColor"
        height="1em"
        stroke="currentColor"
        stroke-width="0"
        viewBox="0 0 192 512"
        width="1em"
        xmlns="http://www.w3.org/2000/svg"
      >
        <path
          d="M96 184c39.8 0 72 32.2 72 72s-32.2 72-72 72-72-32.2-72-72 32.2-72 72-72zM24 80c0 39.8 32.2 72 72 72s72-32.2 72-72S135.8 8 96 8 24 40.2 24 80zm0 352c0 39.8 32.2 72 72 72s72-32.2 72-72-32.2-72-72-72-72 32.2-72 72z"
        />
      </svg>
    </button>
    <div
      aria-hidden="true"
      class="dropdown-menu"
      role="menu"
      tabindex="-1"
    >
      <button
        class="dropdown-item"
        id="oi-settings"
        role="menuitem"
        tabindex="0"
        type="button"
      >
        Settings
      </button>
      <button
        class="dropdown-item"
        id="oi-status"
        role="menuitem"
        tabindex="0"
        type="button"
      >
        Status
      </button>
      <button
        class="dropdown-item"
        id="oi-duplicate"
        role="menuitem"
        tabindex="0"
        type="button"
      >
        Duplicate
      </button>
      <button
        class="dropdown-item dropdown-item"
        id="oi-delete"
        role="menuitem"
        tabindex="0"
        type="button"
      >
        Delete
      </button>
    </div>
  </div>
</div>
`;

exports[`SouthMenu check edit first south 1`] = `
<div>
  <div
    class="dropdown"
  >
    <button
      aria-expanded="false"
      aria-haspopup="true"
      class="p-0 m-0 oi-dropdown-toggle btn btn-secondary btn-sm"
      id="dropdown-toggle"
      type="button"
    >
      <svg
        fill="currentColor"
        height="1em"
        stroke="currentColor"
        stroke-width="0"
        viewBox="0 0 192 512"
        width="1em"
        xmlns="http://www.w3.org/2000/svg"
      >
        <path
          d="M96 184c39.8 0 72 32.2 72 72s-32.2 72-72 72-72-32.2-72-72 32.2-72 72-72zM24 80c0 39.8 32.2 72 72 72s72-32.2 72-72S135.8 8 96 8 24 40.2 24 80zm0 352c0 39.8 32.2 72 72 72s72-32.2 72-72-32.2-72-72-72-72 32.2-72 72z"
        />
      </svg>
    </button>
    <div
      aria-hidden="true"
      class="dropdown-menu"
      role="menu"
      tabindex="-1"
    >
      <button
        class="dropdown-item"
        id="oi-settings"
        role="menuitem"
        tabindex="0"
        type="button"
      >
        Settings
      </button>
      <button
        class="dropdown-item"
        id="oi-status"
        role="menuitem"
        tabindex="0"
        type="button"
      >
        Status
      </button>
      <button
        class="dropdown-item"
        id="oi-duplicate"
        role="menuitem"
        tabindex="0"
        type="button"
      >
        Duplicate
      </button>
      <button
        class="dropdown-item dropdown-item"
        id="oi-delete"
        role="menuitem"
        tabindex="0"
        type="button"
      >
        Delete
      </button>
    </div>
  </div>
</div>
`;

exports[`SouthMenu check status first south 1`] = `
<div>
  <div
    class="dropdown"
  >
    <button
      aria-expanded="false"
      aria-haspopup="true"
      class="p-0 m-0 oi-dropdown-toggle btn btn-secondary btn-sm"
      id="dropdown-toggle"
      type="button"
    >
      <svg
        fill="currentColor"
        height="1em"
        stroke="currentColor"
        stroke-width="0"
        viewBox="0 0 192 512"
        width="1em"
        xmlns="http://www.w3.org/2000/svg"
      >
        <path
          d="M96 184c39.8 0 72 32.2 72 72s-32.2 72-72 72-72-32.2-72-72 32.2-72 72-72zM24 80c0 39.8 32.2 72 72 72s72-32.2 72-72S135.8 8 96 8 24 40.2 24 80zm0 352c0 39.8 32.2 72 72 72s72-32.2 72-72-32.2-72-72-72-72 32.2-72 72z"
        />
      </svg>
    </button>
    <div
      aria-hidden="true"
      class="dropdown-menu"
      role="menu"
      tabindex="-1"
    >
      <button
        class="dropdown-item"
        id="oi-settings"
        role="menuitem"
        tabindex="0"
        type="button"
      >
        Settings
      </button>
      <button
        class="dropdown-item"
        id="oi-status"
        role="menuitem"
        tabindex="0"
        type="button"
      >
        Status
      </button>
      <button
        class="dropdown-item"
        id="oi-duplicate"
        role="menuitem"
        tabindex="0"
        type="button"
      >
        Duplicate
      </button>
      <button
        class="dropdown-item dropdown-item"
        id="oi-delete"
        role="menuitem"
        tabindex="0"
        type="button"
      >
        Delete
      </button>
    </div>
  </div>
</div>
`;

exports[`SouthMenu display SouthMenu page based on config 1`] = `
<div>
  <div
    class="dropdown"
  >
    <button
      aria-expanded="false"
      aria-haspopup="true"
      class="p-0 m-0 oi-dropdown-toggle btn btn-secondary btn-sm"
      id="dropdown-toggle"
      type="button"
    >
      <svg
        fill="currentColor"
        height="1em"
        stroke="currentColor"
        stroke-width="0"
        viewBox="0 0 192 512"
        width="1em"
        xmlns="http://www.w3.org/2000/svg"
      >
        <path
          d="M96 184c39.8 0 72 32.2 72 72s-32.2 72-72 72-72-32.2-72-72 32.2-72 72-72zM24 80c0 39.8 32.2 72 72 72s72-32.2 72-72S135.8 8 96 8 24 40.2 24 80zm0 352c0 39.8 32.2 72 72 72s72-32.2 72-72-32.2-72-72-72-72 32.2-72 72z"
        />
      </svg>
    </button>
    <div
      aria-hidden="true"
      class="dropdown-menu"
      role="menu"
      tabindex="-1"
    >
      <button
        class="dropdown-item"
        id="oi-settings"
        role="menuitem"
        tabindex="0"
        type="button"
      >
        Settings
      </button>
      <button
        class="dropdown-item"
        id="oi-status"
        role="menuitem"
        tabindex="0"
        type="button"
      >
        Status
      </button>
      <button
        class="dropdown-item"
        id="oi-duplicate"
        role="menuitem"
        tabindex="0"
        type="button"
      >
        Duplicate
      </button>
      <button
        class="dropdown-item dropdown-item"
        id="oi-delete"
        role="menuitem"
        tabindex="0"
        type="button"
      >
        Delete
      </button>
    </div>
  </div>
</div>
`;

exports[`SouthMenu display SouthMenu properly when empty newConfig 1`] = `
<div>
  <div
    class="dropdown"
  >
    <button
      aria-expanded="false"
      aria-haspopup="true"
      class="p-0 m-0 oi-dropdown-toggle btn btn-secondary btn-sm"
      id="dropdown-toggle"
      type="button"
    >
      <svg
        fill="currentColor"
        height="1em"
        stroke="currentColor"
        stroke-width="0"
        viewBox="0 0 192 512"
        width="1em"
        xmlns="http://www.w3.org/2000/svg"
      >
        <path
          d="M96 184c39.8 0 72 32.2 72 72s-32.2 72-72 72-72-32.2-72-72 32.2-72 72-72zM24 80c0 39.8 32.2 72 72 72s72-32.2 72-72S135.8 8 96 8 24 40.2 24 80zm0 352c0 39.8 32.2 72 72 72s72-32.2 72-72-32.2-72-72-72-72 32.2-72 72z"
        />
      </svg>
    </button>
    <div
      aria-hidden="true"
      class="dropdown-menu"
      role="menu"
      tabindex="-1"
    >
      <button
        class="dropdown-item"
        id="oi-settings"
        role="menuitem"
        tabindex="0"
        type="button"
      >
        Settings
      </button>
      <button
        class="dropdown-item"
        id="oi-status"
        role="menuitem"
        tabindex="0"
        type="button"
      >
        Status
      </button>
      <button
        class="dropdown-item"
        id="oi-duplicate"
        role="menuitem"
        tabindex="0"
        type="button"
      >
        Duplicate
      </button>
      <button
        class="dropdown-item dropdown-item"
        id="oi-delete"
        role="menuitem"
        tabindex="0"
        type="button"
      >
        Delete
      </button>
    </div>
  </div>
</div>
`;

exports[`SouthMenu display SouthMenu properly when empty newConfig 2`] = `
<div>
  <div
    class="dropdown"
  >
    <button
      aria-expanded="false"
      aria-haspopup="true"
      class="p-0 m-0 oi-dropdown-toggle btn btn-secondary btn-sm"
      id="dropdown-toggle"
      type="button"
    >
      <svg
        fill="currentColor"
        height="1em"
        stroke="currentColor"
        stroke-width="0"
        viewBox="0 0 192 512"
        width="1em"
        xmlns="http://www.w3.org/2000/svg"
      >
        <path
          d="M96 184c39.8 0 72 32.2 72 72s-32.2 72-72 72-72-32.2-72-72 32.2-72 72-72zM24 80c0 39.8 32.2 72 72 72s72-32.2 72-72S135.8 8 96 8 24 40.2 24 80zm0 352c0 39.8 32.2 72 72 72s72-32.2 72-72-32.2-72-72-72-72 32.2-72 72z"
        />
      </svg>
    </button>
    <div
      aria-hidden="true"
      class="dropdown-menu"
      role="menu"
      tabindex="-1"
    >
      <button
        class="dropdown-item"
        id="oi-settings"
        role="menuitem"
        tabindex="0"
        type="button"
      >
        Settings
      </button>
      <button
        class="dropdown-item"
        id="oi-status"
        role="menuitem"
        tabindex="0"
        type="button"
      >
        Status
      </button>
      <button
        class="dropdown-item"
        id="oi-duplicate"
        role="menuitem"
        tabindex="0"
        type="button"
      >
        Duplicate
      </button>
      <button
        class="dropdown-item dropdown-item"
        id="oi-delete"
        role="menuitem"
        tabindex="0"
        type="button"
      >
        Delete
      </button>
    </div>
  </div>
</div>
`;

exports[`SouthMenu display SouthMenu properly when empty newConfig 3`] = `
<div>
  <div
    class="dropdown"
  >
    <button
      aria-expanded="false"
      aria-haspopup="true"
      class="p-0 m-0 oi-dropdown-toggle btn btn-secondary btn-sm"
      id="dropdown-toggle"
      type="button"
    >
      <svg
        fill="currentColor"
        height="1em"
        stroke="currentColor"
        stroke-width="0"
        viewBox="0 0 192 512"
        width="1em"
        xmlns="http://www.w3.org/2000/svg"
      >
        <path
          d="M96 184c39.8 0 72 32.2 72 72s-32.2 72-72 72-72-32.2-72-72 32.2-72 72-72zM24 80c0 39.8 32.2 72 72 72s72-32.2 72-72S135.8 8 96 8 24 40.2 24 80zm0 352c0 39.8 32.2 72 72 72s72-32.2 72-72-32.2-72-72-72-72 32.2-72 72z"
        />
      </svg>
    </button>
    <div
      aria-hidden="true"
      class="dropdown-menu"
      role="menu"
      tabindex="-1"
    >
      <button
        class="dropdown-item"
        id="oi-settings"
        role="menuitem"
        tabindex="0"
        type="button"
      >
        Settings
      </button>
      <button
        class="dropdown-item"
        id="oi-status"
        role="menuitem"
        tabindex="0"
        type="button"
      >
        Status
      </button>
      <button
        class="dropdown-item"
        id="oi-duplicate"
        role="menuitem"
        tabindex="0"
        type="button"
      >
        Duplicate
      </button>
      <button
        class="dropdown-item dropdown-item"
        id="oi-delete"
        role="menuitem"
        tabindex="0"
        type="button"
      >
        Delete
      </button>
    </div>
  </div>
</div>
`;

exports[`SouthMenu display SouthMenu properly when empty newConfig 4`] = `
<div>
  <div
    class="dropdown"
  >
    <button
      aria-expanded="false"
      aria-haspopup="true"
      class="p-0 m-0 oi-dropdown-toggle btn btn-secondary btn-sm"
      id="dropdown-toggle"
      type="button"
    >
      <svg
        fill="currentColor"
        height="1em"
        stroke="currentColor"
        stroke-width="0"
        viewBox="0 0 192 512"
        width="1em"
        xmlns="http://www.w3.org/2000/svg"
      >
        <path
          d="M96 184c39.8 0 72 32.2 72 72s-32.2 72-72 72-72-32.2-72-72 32.2-72 72-72zM24 80c0 39.8 32.2 72 72 72s72-32.2 72-72S135.8 8 96 8 24 40.2 24 80zm0 352c0 39.8 32.2 72 72 72s72-32.2 72-72-32.2-72-72-72-72 32.2-72 72z"
        />
      </svg>
    </button>
    <div
      aria-hidden="true"
      class="dropdown-menu"
      role="menu"
      tabindex="-1"
    >
      <button
        class="dropdown-item"
        id="oi-settings"
        role="menuitem"
        tabindex="0"
        type="button"
      >
        Settings
      </button>
      <button
        class="dropdown-item"
        id="oi-status"
        role="menuitem"
        tabindex="0"
        type="button"
      >
        Status
      </button>
      <button
        class="dropdown-item"
        id="oi-duplicate"
        role="menuitem"
        tabindex="0"
        type="button"
      >
        Duplicate
      </button>
      <button
        class="dropdown-item dropdown-item"
        id="oi-delete"
        role="menuitem"
        tabindex="0"
        type="button"
      >
        Delete
      </button>
    </div>
  </div>
</div>
`;
