// Jest Snapshot v1, https://goo.gl/fbAQLP

exports[`HomePage display Health page based on config 1`] = `
<div>
  <div
    class="container"
  >
    <div
      style="height: 710px; width: 100%; padding-top: 2rem;"
    >
      ReactFlow
    </div>
  </div>
</div>
`;

exports[`HomePage display Health with config null 1`] = `
<div>
  <div
    class="container"
  >
    <div
      style="height: 710px; width: 100%; padding-top: 2rem;"
    >
      ReactFlow
    </div>
  </div>
</div>
`;
