// Jest Snapshot v1, https://goo.gl/fbAQLP

exports[`TablePagination check TablePagination 1`] = `
<div>
  <nav
    aria-label="pagination"
    class=""
  >
    <ul
      class="pagination"
    >
      <li
        class="page-item"
      >
        <button
          aria-label="First"
          class="pagination-cell page-link"
        >
          <span
            aria-hidden="true"
          >
            «
          </span>
          <span
            class="visually-hidden"
          >
            First
          </span>
        </button>
      </li>
      <li
        class="page-item"
      >
        <button
          aria-label="Previous"
          class="pagination-cell page-link"
        >
          <span
            aria-hidden="true"
          >
            ‹
          </span>
          <span
            class="visually-hidden"
          >
            Previous
          </span>
        </button>
      </li>
      <li
        class="page-item active"
      >
        <button
          class="pagination-cell page-link"
        >
          1
        </button>
      </li>
      <li
        class="page-item"
      >
        <button
          class="pagination-cell page-link"
        >
          2
        </button>
      </li>
      <li
        class="page-item"
      >
        <button
          class="pagination-cell page-link"
        >
          3
        </button>
      </li>
      <li
        class="page-item"
      >
        <button
          class="pagination-cell page-link"
        >
          4
        </button>
      </li>
      <li
        class="page-item"
      >
        <button
          class="pagination-cell page-link"
        >
          5
        </button>
      </li>
      <li
        class="page-item"
      >
        <button
          class="pagination-cell page-link"
        >
          6
        </button>
      </li>
      <li
        class="page-item"
      >
        <button
          class="pagination-cell page-link"
        >
          7
        </button>
      </li>
      <li
        class="page-item"
      >
        <button
          class="pagination-cell page-link"
        >
          8
        </button>
      </li>
      <li
        class="page-item"
      >
        <button
          class="pagination-cell page-link"
        >
          9
        </button>
      </li>
      <li
        class="page-item"
      >
        <button
          class="pagination-cell page-link"
        >
          10
        </button>
      </li>
      <li
        class="page-item"
      >
        <button
          aria-label="Next"
          class="pagination-cell page-link"
        >
          <span
            aria-hidden="true"
          >
            ›
          </span>
          <span
            class="visually-hidden"
          >
            Next
          </span>
        </button>
      </li>
      <li
        class="page-item"
      >
        <button
          aria-label="Last"
          class="pagination-cell page-link"
        >
          <span
            aria-hidden="true"
          >
            »
          </span>
          <span
            class="visually-hidden"
          >
            Last
          </span>
        </button>
      </li>
    </ul>
  </nav>
</div>
`;

exports[`TablePagination check maxToDisplay > total 1`] = `
<div>
  <nav
    aria-label="pagination"
    class=""
  >
    <ul
      class="pagination"
    >
      <li
        class="page-item"
      >
        <button
          aria-label="First"
          class="pagination-cell page-link"
        >
          <span
            aria-hidden="true"
          >
            «
          </span>
          <span
            class="visually-hidden"
          >
            First
          </span>
        </button>
      </li>
      <li
        class="page-item"
      >
        <button
          aria-label="Previous"
          class="pagination-cell page-link"
        >
          <span
            aria-hidden="true"
          >
            ‹
          </span>
          <span
            class="visually-hidden"
          >
            Previous
          </span>
        </button>
      </li>
      <li
        class="page-item active"
      >
        <button
          class="pagination-cell page-link"
        >
          1
        </button>
      </li>
      <li
        class="page-item"
      >
        <button
          class="pagination-cell page-link"
        >
          2
        </button>
      </li>
      <li
        class="page-item"
      >
        <button
          class="pagination-cell page-link"
        >
          3
        </button>
      </li>
      <li
        class="page-item"
      >
        <button
          class="pagination-cell page-link"
        >
          4
        </button>
      </li>
      <li
        class="page-item"
      >
        <button
          class="pagination-cell page-link"
        >
          5
        </button>
      </li>
      <li
        class="page-item"
      >
        <button
          class="pagination-cell page-link"
        >
          6
        </button>
      </li>
      <li
        class="page-item"
      >
        <button
          class="pagination-cell page-link"
        >
          7
        </button>
      </li>
      <li
        class="page-item"
      >
        <button
          class="pagination-cell page-link"
        >
          8
        </button>
      </li>
      <li
        class="page-item"
      >
        <button
          class="pagination-cell page-link"
        >
          9
        </button>
      </li>
      <li
        class="page-item"
      >
        <button
          aria-label="Next"
          class="pagination-cell page-link"
        >
          <span
            aria-hidden="true"
          >
            ›
          </span>
          <span
            class="visually-hidden"
          >
            Next
          </span>
        </button>
      </li>
      <li
        class="page-item"
      >
        <button
          aria-label="Last"
          class="pagination-cell page-link"
        >
          <span
            aria-hidden="true"
          >
            »
          </span>
          <span
            class="visually-hidden"
          >
            Last
          </span>
        </button>
      </li>
    </ul>
  </nav>
</div>
`;

exports[`TablePagination check press first page 1`] = `
<div>
  <nav
    aria-label="pagination"
    class=""
  >
    <ul
      class="pagination"
    >
      <li
        class="page-item"
      >
        <button
          aria-label="First"
          class="pagination-cell page-link"
        >
          <span
            aria-hidden="true"
          >
            «
          </span>
          <span
            class="visually-hidden"
          >
            First
          </span>
        </button>
      </li>
      <li
        class="page-item"
      >
        <button
          aria-label="Previous"
          class="pagination-cell page-link"
        >
          <span
            aria-hidden="true"
          >
            ‹
          </span>
          <span
            class="visually-hidden"
          >
            Previous
          </span>
        </button>
      </li>
      <li
        class="page-item active"
      >
        <button
          class="pagination-cell page-link"
        >
          1
        </button>
      </li>
      <li
        class="page-item"
      >
        <button
          class="pagination-cell page-link"
        >
          2
        </button>
      </li>
      <li
        class="page-item"
      >
        <button
          class="pagination-cell page-link"
        >
          3
        </button>
      </li>
      <li
        class="page-item"
      >
        <button
          class="pagination-cell page-link"
        >
          4
        </button>
      </li>
      <li
        class="page-item"
      >
        <button
          class="pagination-cell page-link"
        >
          5
        </button>
      </li>
      <li
        class="page-item"
      >
        <button
          class="pagination-cell page-link"
        >
          6
        </button>
      </li>
      <li
        class="page-item"
      >
        <button
          class="pagination-cell page-link"
        >
          7
        </button>
      </li>
      <li
        class="page-item"
      >
        <button
          class="pagination-cell page-link"
        >
          8
        </button>
      </li>
      <li
        class="page-item"
      >
        <button
          class="pagination-cell page-link"
        >
          9
        </button>
      </li>
      <li
        class="page-item"
      >
        <button
          class="pagination-cell page-link"
        >
          10
        </button>
      </li>
      <li
        class="page-item"
      >
        <button
          aria-label="Next"
          class="pagination-cell page-link"
        >
          <span
            aria-hidden="true"
          >
            ›
          </span>
          <span
            class="visually-hidden"
          >
            Next
          </span>
        </button>
      </li>
      <li
        class="page-item"
      >
        <button
          aria-label="Last"
          class="pagination-cell page-link"
        >
          <span
            aria-hidden="true"
          >
            »
          </span>
          <span
            class="visually-hidden"
          >
            Last
          </span>
        </button>
      </li>
    </ul>
  </nav>
</div>
`;

exports[`TablePagination check press last page 1`] = `
<div>
  <nav
    aria-label="pagination"
    class=""
  >
    <ul
      class="pagination"
    >
      <li
        class="page-item"
      >
        <button
          aria-label="First"
          class="pagination-cell page-link"
        >
          <span
            aria-hidden="true"
          >
            «
          </span>
          <span
            class="visually-hidden"
          >
            First
          </span>
        </button>
      </li>
      <li
        class="page-item"
      >
        <button
          aria-label="Previous"
          class="pagination-cell page-link"
        >
          <span
            aria-hidden="true"
          >
            ‹
          </span>
          <span
            class="visually-hidden"
          >
            Previous
          </span>
        </button>
      </li>
      <li
        class="page-item"
      >
        <button
          class="pagination-cell page-link"
        >
          1
        </button>
      </li>
      <li
        class="page-item active"
      >
        <button
          class="pagination-cell page-link"
        >
          2
        </button>
      </li>
      <li
        class="page-item"
      >
        <button
          class="pagination-cell page-link"
        >
          3
        </button>
      </li>
      <li
        class="page-item"
      >
        <button
          aria-label="Next"
          class="pagination-cell page-link"
        >
          <span
            aria-hidden="true"
          >
            ›
          </span>
          <span
            class="visually-hidden"
          >
            Next
          </span>
        </button>
      </li>
      <li
        class="page-item"
      >
        <button
          aria-label="Last"
          class="pagination-cell page-link"
        >
          <span
            aria-hidden="true"
          >
            »
          </span>
          <span
            class="visually-hidden"
          >
            Last
          </span>
        </button>
      </li>
    </ul>
  </nav>
</div>
`;

exports[`TablePagination check press next page 1`] = `
<div>
  <nav
    aria-label="pagination"
    class=""
  >
    <ul
      class="pagination"
    >
      <li
        class="page-item"
      >
        <button
          aria-label="First"
          class="pagination-cell page-link"
        >
          <span
            aria-hidden="true"
          >
            «
          </span>
          <span
            class="visually-hidden"
          >
            First
          </span>
        </button>
      </li>
      <li
        class="page-item"
      >
        <button
          aria-label="Previous"
          class="pagination-cell page-link"
        >
          <span
            aria-hidden="true"
          >
            ‹
          </span>
          <span
            class="visually-hidden"
          >
            Previous
          </span>
        </button>
      </li>
      <li
        class="page-item"
      >
        <button
          class="pagination-cell page-link"
        >
          1
        </button>
      </li>
      <li
        class="page-item active"
      >
        <button
          class="pagination-cell page-link"
        >
          2
        </button>
      </li>
      <li
        class="page-item"
      >
        <button
          class="pagination-cell page-link"
        >
          3
        </button>
      </li>
      <li
        class="page-item"
      >
        <button
          aria-label="Next"
          class="pagination-cell page-link"
        >
          <span
            aria-hidden="true"
          >
            ›
          </span>
          <span
            class="visually-hidden"
          >
            Next
          </span>
        </button>
      </li>
      <li
        class="page-item"
      >
        <button
          aria-label="Last"
          class="pagination-cell page-link"
        >
          <span
            aria-hidden="true"
          >
            »
          </span>
          <span
            class="visually-hidden"
          >
            Last
          </span>
        </button>
      </li>
    </ul>
  </nav>
</div>
`;

exports[`TablePagination check press next page incorect selected 1`] = `
<div>
  <nav
    aria-label="pagination"
    class=""
  >
    <ul
      class="pagination"
    >
      <li
        class="page-item"
      >
        <button
          aria-label="First"
          class="pagination-cell page-link"
        >
          <span
            aria-hidden="true"
          >
            «
          </span>
          <span
            class="visually-hidden"
          >
            First
          </span>
        </button>
      </li>
      <li
        class="page-item"
      >
        <button
          aria-label="Previous"
          class="pagination-cell page-link"
        >
          <span
            aria-hidden="true"
          >
            ‹
          </span>
          <span
            class="visually-hidden"
          >
            Previous
          </span>
        </button>
      </li>
      <li
        class="page-item"
      >
        <button
          class="pagination-cell page-link"
        >
          1
        </button>
      </li>
      <li
        class="page-item"
      >
        <button
          class="pagination-cell page-link"
        >
          2
        </button>
      </li>
      <li
        class="page-item active"
      >
        <button
          class="pagination-cell page-link"
        >
          3
        </button>
      </li>
      <li
        class="page-item"
      >
        <button
          aria-label="Next"
          class="pagination-cell page-link"
        >
          <span
            aria-hidden="true"
          >
            ›
          </span>
          <span
            class="visually-hidden"
          >
            Next
          </span>
        </button>
      </li>
      <li
        class="page-item"
      >
        <button
          aria-label="Last"
          class="pagination-cell page-link"
        >
          <span
            aria-hidden="true"
          >
            »
          </span>
          <span
            class="visually-hidden"
          >
            Last
          </span>
        </button>
      </li>
    </ul>
  </nav>
</div>
`;

exports[`TablePagination check press prev page 1`] = `
<div>
  <nav
    aria-label="pagination"
    class=""
  >
    <ul
      class="pagination"
    >
      <li
        class="page-item"
      >
        <button
          aria-label="First"
          class="pagination-cell page-link"
        >
          <span
            aria-hidden="true"
          >
            «
          </span>
          <span
            class="visually-hidden"
          >
            First
          </span>
        </button>
      </li>
      <li
        class="page-item"
      >
        <button
          aria-label="Previous"
          class="pagination-cell page-link"
        >
          <span
            aria-hidden="true"
          >
            ‹
          </span>
          <span
            class="visually-hidden"
          >
            Previous
          </span>
        </button>
      </li>
      <li
        class="page-item"
      >
        <button
          class="pagination-cell page-link"
        >
          1
        </button>
      </li>
      <li
        class="page-item active"
      >
        <button
          class="pagination-cell page-link"
        >
          2
        </button>
      </li>
      <li
        class="page-item"
      >
        <button
          class="pagination-cell page-link"
        >
          3
        </button>
      </li>
      <li
        class="page-item"
      >
        <button
          class="pagination-cell page-link"
        >
          4
        </button>
      </li>
      <li
        class="page-item"
      >
        <button
          class="pagination-cell page-link"
        >
          5
        </button>
      </li>
      <li
        class="page-item"
      >
        <button
          class="pagination-cell page-link"
        >
          6
        </button>
      </li>
      <li
        class="page-item"
      >
        <button
          class="pagination-cell page-link"
        >
          7
        </button>
      </li>
      <li
        class="page-item"
      >
        <button
          class="pagination-cell page-link"
        >
          8
        </button>
      </li>
      <li
        class="page-item"
      >
        <button
          class="pagination-cell page-link"
        >
          9
        </button>
      </li>
      <li
        class="page-item"
      >
        <button
          class="pagination-cell page-link"
        >
          10
        </button>
      </li>
      <li
        class="page-item"
      >
        <button
          aria-label="Next"
          class="pagination-cell page-link"
        >
          <span
            aria-hidden="true"
          >
            ›
          </span>
          <span
            class="visually-hidden"
          >
            Next
          </span>
        </button>
      </li>
      <li
        class="page-item"
      >
        <button
          aria-label="Last"
          class="pagination-cell page-link"
        >
          <span
            aria-hidden="true"
          >
            »
          </span>
          <span
            class="visually-hidden"
          >
            Last
          </span>
        </button>
      </li>
    </ul>
  </nav>
</div>
`;

exports[`TablePagination check press prev page incorect selected 1`] = `
<div>
  <nav
    aria-label="pagination"
    class=""
  >
    <ul
      class="pagination"
    >
      <li
        class="page-item"
      >
        <button
          aria-label="First"
          class="pagination-cell page-link"
        >
          <span
            aria-hidden="true"
          >
            «
          </span>
          <span
            class="visually-hidden"
          >
            First
          </span>
        </button>
      </li>
      <li
        class="page-item"
      >
        <button
          aria-label="Previous"
          class="pagination-cell page-link"
        >
          <span
            aria-hidden="true"
          >
            ‹
          </span>
          <span
            class="visually-hidden"
          >
            Previous
          </span>
        </button>
      </li>
      <li
        class="page-item"
      >
        <button
          class="pagination-cell page-link"
        >
          1
        </button>
      </li>
      <li
        class="page-item"
      >
        <button
          class="pagination-cell page-link"
        >
          2
        </button>
      </li>
      <li
        class="page-item"
      >
        <button
          class="pagination-cell page-link"
        >
          3
        </button>
      </li>
      <li
        class="page-item"
      >
        <button
          class="pagination-cell page-link"
        >
          4
        </button>
      </li>
      <li
        class="page-item"
      >
        <button
          class="pagination-cell page-link"
        >
          5
        </button>
      </li>
      <li
        class="page-item"
      >
        <button
          class="pagination-cell page-link"
        >
          6
        </button>
      </li>
      <li
        class="page-item"
      >
        <button
          class="pagination-cell page-link"
        >
          7
        </button>
      </li>
      <li
        class="page-item"
      >
        <button
          class="pagination-cell page-link"
        >
          8
        </button>
      </li>
      <li
        class="page-item"
      >
        <button
          class="pagination-cell page-link"
        >
          9
        </button>
      </li>
      <li
        class="page-item"
      >
        <button
          class="pagination-cell page-link"
        >
          10
        </button>
      </li>
      <li
        class="page-item"
      >
        <button
          aria-label="Next"
          class="pagination-cell page-link"
        >
          <span
            aria-hidden="true"
          >
            ›
          </span>
          <span
            class="visually-hidden"
          >
            Next
          </span>
        </button>
      </li>
      <li
        class="page-item"
      >
        <button
          aria-label="Last"
          class="pagination-cell page-link"
        >
          <span
            aria-hidden="true"
          >
            »
          </span>
          <span
            class="visually-hidden"
          >
            Last
          </span>
        </button>
      </li>
    </ul>
  </nav>
</div>
`;

exports[`TablePagination check press second page 1`] = `
<div>
  <nav
    aria-label="pagination"
    class=""
  >
    <ul
      class="pagination"
    >
      <li
        class="page-item"
      >
        <button
          aria-label="First"
          class="pagination-cell page-link"
        >
          <span
            aria-hidden="true"
          >
            «
          </span>
          <span
            class="visually-hidden"
          >
            First
          </span>
        </button>
      </li>
      <li
        class="page-item"
      >
        <button
          aria-label="Previous"
          class="pagination-cell page-link"
        >
          <span
            aria-hidden="true"
          >
            ‹
          </span>
          <span
            class="visually-hidden"
          >
            Previous
          </span>
        </button>
      </li>
      <li
        class="page-item active"
      >
        <button
          class="pagination-cell page-link"
        >
          1
        </button>
      </li>
      <li
        class="page-item"
      >
        <button
          class="pagination-cell page-link"
        >
          2
        </button>
      </li>
      <li
        class="page-item"
      >
        <button
          class="pagination-cell page-link"
        >
          3
        </button>
      </li>
      <li
        class="page-item"
      >
        <button
          class="pagination-cell page-link"
        >
          4
        </button>
      </li>
      <li
        class="page-item"
      >
        <button
          class="pagination-cell page-link"
        >
          5
        </button>
      </li>
      <li
        class="page-item"
      >
        <button
          class="pagination-cell page-link"
        >
          6
        </button>
      </li>
      <li
        class="page-item"
      >
        <button
          class="pagination-cell page-link"
        >
          7
        </button>
      </li>
      <li
        class="page-item"
      >
        <button
          class="pagination-cell page-link"
        >
          8
        </button>
      </li>
      <li
        class="page-item"
      >
        <button
          class="pagination-cell page-link"
        >
          9
        </button>
      </li>
      <li
        class="page-item"
      >
        <button
          class="pagination-cell page-link"
        >
          10
        </button>
      </li>
      <li
        class="page-item"
      >
        <button
          aria-label="Next"
          class="pagination-cell page-link"
        >
          <span
            aria-hidden="true"
          >
            ›
          </span>
          <span
            class="visually-hidden"
          >
            Next
          </span>
        </button>
      </li>
      <li
        class="page-item"
      >
        <button
          aria-label="Last"
          class="pagination-cell page-link"
        >
          <span
            aria-hidden="true"
          >
            »
          </span>
          <span
            class="visually-hidden"
          >
            Last
          </span>
        </button>
      </li>
    </ul>
  </nav>
</div>
`;

exports[`TablePagination check when not first page 1`] = `
<div>
  <nav
    aria-label="pagination"
    class=""
  >
    <ul
      class="pagination"
    >
      <li
        class="page-item"
      >
        <button
          aria-label="First"
          class="pagination-cell page-link"
        >
          <span
            aria-hidden="true"
          >
            «
          </span>
          <span
            class="visually-hidden"
          >
            First
          </span>
        </button>
      </li>
      <li
        class="page-item"
      >
        <button
          aria-label="Previous"
          class="pagination-cell page-link"
        >
          <span
            aria-hidden="true"
          >
            ‹
          </span>
          <span
            class="visually-hidden"
          >
            Previous
          </span>
        </button>
      </li>
      <li
        class="page-item"
      >
        <button
          class="pagination-cell page-link"
        >
          7
        </button>
      </li>
      <li
        class="page-item"
      >
        <button
          class="pagination-cell page-link"
        >
          8
        </button>
      </li>
      <li
        class="page-item"
      >
        <button
          class="pagination-cell page-link"
        >
          9
        </button>
      </li>
      <li
        class="page-item"
      >
        <button
          class="pagination-cell page-link"
        >
          10
        </button>
      </li>
      <li
        class="page-item active"
      >
        <button
          class="pagination-cell page-link"
        >
          11
        </button>
      </li>
      <li
        class="page-item"
      >
        <button
          class="pagination-cell page-link"
        >
          12
        </button>
      </li>
      <li
        class="page-item"
      >
        <button
          class="pagination-cell page-link"
        >
          13
        </button>
      </li>
      <li
        class="page-item"
      >
        <button
          class="pagination-cell page-link"
        >
          14
        </button>
      </li>
      <li
        class="page-item"
      >
        <button
          class="pagination-cell page-link"
        >
          15
        </button>
      </li>
      <li
        class="page-item"
      >
        <button
          class="pagination-cell page-link"
        >
          16
        </button>
      </li>
      <li
        class="page-item"
      >
        <button
          aria-label="Next"
          class="pagination-cell page-link"
        >
          <span
            aria-hidden="true"
          >
            ›
          </span>
          <span
            class="visually-hidden"
          >
            Next
          </span>
        </button>
      </li>
      <li
        class="page-item"
      >
        <button
          aria-label="Last"
          class="pagination-cell page-link"
        >
          <span
            aria-hidden="true"
          >
            »
          </span>
          <span
            class="visually-hidden"
          >
            Last
          </span>
        </button>
      </li>
    </ul>
  </nav>
</div>
`;
