// Jest Snapshot v1, https://goo.gl/fbAQLP

exports[`LokiLogging check LokiLogging 1`] = `
<div>
  <div>
    <h6>
      Loki
    </h6>
    <div
      class="row"
    >
      <div
        class="col-md-3"
      >
        <div
          class="mb-3"
        >
          <label
            class="form-label"
            for="engine.logParameters.lokiLog.level"
          >
            Level
          </label>
          <select
            aria-invalid="false"
            class="oi-form-input form-select"
            id="engine.logParameters.lokiLog.level"
            name="engine.logParameters.lokiLog.level"
          >
            <option
              value="trace"
            >
              trace
            </option>
            <option
              value="debug"
            >
              debug
            </option>
            <option
              value="info"
            >
              info
            </option>
            <option
              value="warning"
            >
              warning
            </option>
            <option
              value="error"
            >
              error
            </option>
            <option
              value="silent"
            >
              silent
            </option>
          </select>
          <div
            class="invalid-feedback"
          />
          <small
            class="form-text text-muted"
          >
            <div>
              The level for the Loki log
            </div>
          </small>
        </div>
      </div>
    </div>
    <div
      class="row"
    >
      <div
        class="col-md-4"
      >
        <div
          class="mb-3"
        >
          <label
            class="form-label"
            for="engine.logParameters.lokiLog.lokiAddress"
          >
            Host
          </label>
          <input
            aria-invalid="false"
            class="oi-form-input form-control"
            id="engine.logParameters.lokiLog.lokiAddress"
            name="engine.logParameters.lokiLog.lokiAddress"
            type="text"
            value="localhost:3100"
          />
          <div
            class="invalid-feedback"
          />
          <small
            class="form-text text-muted"
          >
            <div>
              The host name of the Loki instance
            </div>
          </small>
        </div>
      </div>
      <div
        class="col-md-2"
      >
        <div
          class="mb-3"
        >
          <label
            class="form-label"
            for="engine.logParameters.lokiLog.interval"
          >
            Interval (s)
          </label>
          <input
            aria-invalid="false"
            class="oi-form-input form-control"
            id="engine.logParameters.lokiLog.interval"
            name="engine.logParameters.lokiLog.interval"
            type="integer"
            value="60"
          />
          <div
            class="invalid-feedback"
          />
          <small
            class="form-text text-muted"
          >
            <div>
              Interval between batch of logs (in s)
            </div>
          </small>
        </div>
      </div>
    </div>
    <div
      class="row"
    >
      <div
        class="col-md-4"
      >
        <div
          class="mb-3"
        >
          <label
            class="form-label"
            for="engine.logParameters.lokiLog.tokenAddress"
          >
            Token address
          </label>
          <input
            aria-invalid="false"
            class="oi-form-input form-control"
            id="engine.logParameters.lokiLog.tokenAddress"
            name="engine.logParameters.lokiLog.tokenAddress"
            type="text"
            value=""
          />
          <div
            class="invalid-feedback"
          />
          <small
            class="form-text text-muted"
          >
            <div>
              The address of the token provider (need username and password)
            </div>
          </small>
        </div>
      </div>
    </div>
    <div
      class="row"
    >
      <div
        class="col-md-3"
      >
        <div
          class="mb-3"
        >
          <label
            class="form-label"
            for="engine.logParameters.lokiLog.username"
          >
            Username
          </label>
          <input
            aria-invalid="false"
            class="oi-form-input form-control"
            id="engine.logParameters.lokiLog.username"
            name="engine.logParameters.lokiLog.username"
            type="text"
            value=""
          />
          <div
            class="invalid-feedback"
          />
        </div>
      </div>
      <div
        class="col-md-3"
      >
        <div
          class="mb-3"
        >
          <label
            class="form-label"
            for="engine.logParameters.lokiLog.password"
          >
            Password
          </label>
          <div
            class="input-group"
          >
            <input
              aria-invalid="false"
              class="oi-form-input form-control"
              id="engine.logParameters.lokiLog.password"
              name="engine.logParameters.lokiLog.password"
              type="password"
              value=""
            />
          </div>
          <div
            class="invalid-feedback"
            style="display: inline;"
          />
        </div>
      </div>
    </div>
  </div>
</div>
`;

exports[`LokiLogging check change lokiLog address name to "http://test.loki.fr" 1`] = `
<div>
  <div>
    <h6>
      Loki
    </h6>
    <div
      class="row"
    >
      <div
        class="col-md-3"
      >
        <div
          class="mb-3"
        >
          <label
            class="form-label"
            for="engine.logParameters.lokiLog.level"
          >
            Level
          </label>
          <select
            aria-invalid="false"
            class="oi-form-input form-select"
            id="engine.logParameters.lokiLog.level"
            name="engine.logParameters.lokiLog.level"
          >
            <option
              value="trace"
            >
              trace
            </option>
            <option
              value="debug"
            >
              debug
            </option>
            <option
              value="info"
            >
              info
            </option>
            <option
              value="warning"
            >
              warning
            </option>
            <option
              value="error"
            >
              error
            </option>
            <option
              value="silent"
            >
              silent
            </option>
          </select>
          <div
            class="invalid-feedback"
          />
          <small
            class="form-text text-muted"
          >
            <div>
              The level for the Loki log
            </div>
          </small>
        </div>
      </div>
    </div>
    <div
      class="row"
    >
      <div
        class="col-md-4"
      >
        <div
          class="mb-3"
        >
          <label
            class="form-label"
            for="engine.logParameters.lokiLog.lokiAddress"
          >
            Host
          </label>
          <input
            aria-invalid="false"
            class="oi-form-input form-control"
            id="engine.logParameters.lokiLog.lokiAddress"
            name="engine.logParameters.lokiLog.lokiAddress"
            type="text"
            value="localhost:3100"
          />
          <div
            class="invalid-feedback"
          />
          <small
            class="form-text text-muted"
          >
            <div>
              The host name of the Loki instance
            </div>
          </small>
        </div>
      </div>
      <div
        class="col-md-2"
      >
        <div
          class="mb-3"
        >
          <label
            class="form-label"
            for="engine.logParameters.lokiLog.interval"
          >
            Interval (s)
          </label>
          <input
            aria-invalid="false"
            class="oi-form-input form-control"
            id="engine.logParameters.lokiLog.interval"
            name="engine.logParameters.lokiLog.interval"
            type="integer"
            value="60"
          />
          <div
            class="invalid-feedback"
          />
          <small
            class="form-text text-muted"
          >
            <div>
              Interval between batch of logs (in s)
            </div>
          </small>
        </div>
      </div>
    </div>
    <div
      class="row"
    >
      <div
        class="col-md-4"
      >
        <div
          class="mb-3"
        >
          <label
            class="form-label"
            for="engine.logParameters.lokiLog.tokenAddress"
          >
            Token address
          </label>
          <input
            aria-invalid="false"
            class="oi-form-input form-control"
            id="engine.logParameters.lokiLog.tokenAddress"
            name="engine.logParameters.lokiLog.tokenAddress"
            type="text"
            value=""
          />
          <div
            class="invalid-feedback"
          />
          <small
            class="form-text text-muted"
          >
            <div>
              The address of the token provider (need username and password)
            </div>
          </small>
        </div>
      </div>
    </div>
    <div
      class="row"
    >
      <div
        class="col-md-3"
      >
        <div
          class="mb-3"
        >
          <label
            class="form-label"
            for="engine.logParameters.lokiLog.username"
          >
            Username
          </label>
          <input
            aria-invalid="false"
            class="oi-form-input form-control"
            id="engine.logParameters.lokiLog.username"
            name="engine.logParameters.lokiLog.username"
            type="text"
            value=""
          />
          <div
            class="invalid-feedback"
          />
        </div>
      </div>
      <div
        class="col-md-3"
      >
        <div
          class="mb-3"
        >
          <label
            class="form-label"
            for="engine.logParameters.lokiLog.password"
          >
            Password
          </label>
          <div
            class="input-group"
          >
            <input
              aria-invalid="false"
              class="oi-form-input form-control"
              id="engine.logParameters.lokiLog.password"
              name="engine.logParameters.lokiLog.password"
              type="password"
              value=""
            />
          </div>
          <div
            class="invalid-feedback"
            style="display: inline;"
          />
        </div>
      </div>
    </div>
  </div>
</div>
`;

exports[`LokiLogging check change lokiLog interval to 10 1`] = `
<div>
  <div>
    <h6>
      Loki
    </h6>
    <div
      class="row"
    >
      <div
        class="col-md-3"
      >
        <div
          class="mb-3"
        >
          <label
            class="form-label"
            for="engine.logParameters.lokiLog.level"
          >
            Level
          </label>
          <select
            aria-invalid="false"
            class="oi-form-input form-select"
            id="engine.logParameters.lokiLog.level"
            name="engine.logParameters.lokiLog.level"
          >
            <option
              value="trace"
            >
              trace
            </option>
            <option
              value="debug"
            >
              debug
            </option>
            <option
              value="info"
            >
              info
            </option>
            <option
              value="warning"
            >
              warning
            </option>
            <option
              value="error"
            >
              error
            </option>
            <option
              value="silent"
            >
              silent
            </option>
          </select>
          <div
            class="invalid-feedback"
          />
          <small
            class="form-text text-muted"
          >
            <div>
              The level for the Loki log
            </div>
          </small>
        </div>
      </div>
    </div>
    <div
      class="row"
    >
      <div
        class="col-md-4"
      >
        <div
          class="mb-3"
        >
          <label
            class="form-label"
            for="engine.logParameters.lokiLog.lokiAddress"
          >
            Host
          </label>
          <input
            aria-invalid="false"
            class="oi-form-input form-control"
            id="engine.logParameters.lokiLog.lokiAddress"
            name="engine.logParameters.lokiLog.lokiAddress"
            type="text"
            value="localhost:3100"
          />
          <div
            class="invalid-feedback"
          />
          <small
            class="form-text text-muted"
          >
            <div>
              The host name of the Loki instance
            </div>
          </small>
        </div>
      </div>
      <div
        class="col-md-2"
      >
        <div
          class="mb-3"
        >
          <label
            class="form-label"
            for="engine.logParameters.lokiLog.interval"
          >
            Interval (s)
          </label>
          <input
            aria-invalid="false"
            class="oi-form-input form-control"
            id="engine.logParameters.lokiLog.interval"
            name="engine.logParameters.lokiLog.interval"
            type="integer"
            value="60"
          />
          <div
            class="invalid-feedback"
          />
          <small
            class="form-text text-muted"
          >
            <div>
              Interval between batch of logs (in s)
            </div>
          </small>
        </div>
      </div>
    </div>
    <div
      class="row"
    >
      <div
        class="col-md-4"
      >
        <div
          class="mb-3"
        >
          <label
            class="form-label"
            for="engine.logParameters.lokiLog.tokenAddress"
          >
            Token address
          </label>
          <input
            aria-invalid="false"
            class="oi-form-input form-control"
            id="engine.logParameters.lokiLog.tokenAddress"
            name="engine.logParameters.lokiLog.tokenAddress"
            type="text"
            value=""
          />
          <div
            class="invalid-feedback"
          />
          <small
            class="form-text text-muted"
          >
            <div>
              The address of the token provider (need username and password)
            </div>
          </small>
        </div>
      </div>
    </div>
    <div
      class="row"
    >
      <div
        class="col-md-3"
      >
        <div
          class="mb-3"
        >
          <label
            class="form-label"
            for="engine.logParameters.lokiLog.username"
          >
            Username
          </label>
          <input
            aria-invalid="false"
            class="oi-form-input form-control"
            id="engine.logParameters.lokiLog.username"
            name="engine.logParameters.lokiLog.username"
            type="text"
            value=""
          />
          <div
            class="invalid-feedback"
          />
        </div>
      </div>
      <div
        class="col-md-3"
      >
        <div
          class="mb-3"
        >
          <label
            class="form-label"
            for="engine.logParameters.lokiLog.password"
          >
            Password
          </label>
          <div
            class="input-group"
          >
            <input
              aria-invalid="false"
              class="oi-form-input form-control"
              id="engine.logParameters.lokiLog.password"
              name="engine.logParameters.lokiLog.password"
              type="password"
              value=""
            />
          </div>
          <div
            class="invalid-feedback"
            style="display: inline;"
          />
        </div>
      </div>
    </div>
  </div>
</div>
`;

exports[`LokiLogging check change lokiLog level to "warning" 1`] = `
<div>
  <div>
    <h6>
      Loki
    </h6>
    <div
      class="row"
    >
      <div
        class="col-md-3"
      >
        <div
          class="mb-3"
        >
          <label
            class="form-label"
            for="engine.logParameters.lokiLog.level"
          >
            Level
          </label>
          <select
            aria-invalid="false"
            class="oi-form-input form-select"
            id="engine.logParameters.lokiLog.level"
            name="engine.logParameters.lokiLog.level"
          >
            <option
              value="trace"
            >
              trace
            </option>
            <option
              value="debug"
            >
              debug
            </option>
            <option
              value="info"
            >
              info
            </option>
            <option
              value="warning"
            >
              warning
            </option>
            <option
              value="error"
            >
              error
            </option>
            <option
              value="silent"
            >
              silent
            </option>
          </select>
          <div
            class="invalid-feedback"
          />
          <small
            class="form-text text-muted"
          >
            <div>
              The level for the Loki log
            </div>
          </small>
        </div>
      </div>
    </div>
    <div
      class="row"
    >
      <div
        class="col-md-4"
      >
        <div
          class="mb-3"
        >
          <label
            class="form-label"
            for="engine.logParameters.lokiLog.lokiAddress"
          >
            Host
          </label>
          <input
            aria-invalid="false"
            class="oi-form-input form-control"
            id="engine.logParameters.lokiLog.lokiAddress"
            name="engine.logParameters.lokiLog.lokiAddress"
            type="text"
            value="localhost:3100"
          />
          <div
            class="invalid-feedback"
          />
          <small
            class="form-text text-muted"
          >
            <div>
              The host name of the Loki instance
            </div>
          </small>
        </div>
      </div>
      <div
        class="col-md-2"
      >
        <div
          class="mb-3"
        >
          <label
            class="form-label"
            for="engine.logParameters.lokiLog.interval"
          >
            Interval (s)
          </label>
          <input
            aria-invalid="false"
            class="oi-form-input form-control"
            id="engine.logParameters.lokiLog.interval"
            name="engine.logParameters.lokiLog.interval"
            type="integer"
            value="60"
          />
          <div
            class="invalid-feedback"
          />
          <small
            class="form-text text-muted"
          >
            <div>
              Interval between batch of logs (in s)
            </div>
          </small>
        </div>
      </div>
    </div>
    <div
      class="row"
    >
      <div
        class="col-md-4"
      >
        <div
          class="mb-3"
        >
          <label
            class="form-label"
            for="engine.logParameters.lokiLog.tokenAddress"
          >
            Token address
          </label>
          <input
            aria-invalid="false"
            class="oi-form-input form-control"
            id="engine.logParameters.lokiLog.tokenAddress"
            name="engine.logParameters.lokiLog.tokenAddress"
            type="text"
            value=""
          />
          <div
            class="invalid-feedback"
          />
          <small
            class="form-text text-muted"
          >
            <div>
              The address of the token provider (need username and password)
            </div>
          </small>
        </div>
      </div>
    </div>
    <div
      class="row"
    >
      <div
        class="col-md-3"
      >
        <div
          class="mb-3"
        >
          <label
            class="form-label"
            for="engine.logParameters.lokiLog.username"
          >
            Username
          </label>
          <input
            aria-invalid="false"
            class="oi-form-input form-control"
            id="engine.logParameters.lokiLog.username"
            name="engine.logParameters.lokiLog.username"
            type="text"
            value=""
          />
          <div
            class="invalid-feedback"
          />
        </div>
      </div>
      <div
        class="col-md-3"
      >
        <div
          class="mb-3"
        >
          <label
            class="form-label"
            for="engine.logParameters.lokiLog.password"
          >
            Password
          </label>
          <div
            class="input-group"
          >
            <input
              aria-invalid="false"
              class="oi-form-input form-control"
              id="engine.logParameters.lokiLog.password"
              name="engine.logParameters.lokiLog.password"
              type="password"
              value=""
            />
          </div>
          <div
            class="invalid-feedback"
            style="display: inline;"
          />
        </div>
      </div>
    </div>
  </div>
</div>
`;
