// Jest Snapshot v1, https://goo.gl/fbAQLP

exports[`Logs check AlertProvider 1`] = `<div />`;
