// Jest Snapshot v1, https://goo.gl/fbAQLP

exports[`SqliteLogging check SqliteLogging 1`] = `
<div>
  <div>
    <h6>
      SQLite
    </h6>
    <div
      class="row"
    >
      <div
        class="col-md-3"
      >
        <div
          class="form-group"
        >
          <label
            class=""
            for="engine.logParameters.sqliteLog.level"
          >
            Level
          </label>
          <select
            aria-invalid="false"
            class="oi-form-input form-control"
            id="engine.logParameters.sqliteLog.level"
            name="engine.logParameters.sqliteLog.level"
          >
            <option
              value="silly"
            >
              silly
            </option>
            <option
              value="debug"
            >
              debug
            </option>
            <option
              value="info"
            >
              info
            </option>
            <option
              value="warning"
            >
              warning
            </option>
            <option
              value="error"
            >
              error
            </option>
            <option
              value="none"
            >
              none
            </option>
          </select>
          <div
            class="invalid-feedback"
          />
          <small
            class="form-text text-muted"
          >
            <div>
              The level for the sqlite log
            </div>
          </small>
        </div>
      </div>
    </div>
    <div
      class="row"
    >
      <div
        class="col-md-4"
      >
        <div
          class="form-group"
        >
          <label
            class=""
            for="engine.logParameters.sqliteLog.fileName"
          >
            File name of sqlite db
          </label>
          <input
            aria-invalid="false"
            class="oi-form-input form-control"
            id="engine.logParameters.sqliteLog.fileName"
            name="engine.logParameters.sqliteLog.fileName"
            type="text"
            value="./logs/journal.db"
          />
          <div
            class="invalid-feedback"
          />
          <small
            class="form-text text-muted"
          >
            <div>
              The file name of the database file
            </div>
          </small>
        </div>
      </div>
      <div
        class="col-md-2"
      >
        <div
          class="form-group"
        >
          <label
            class=""
            for="engine.logParameters.sqliteLog.maxSize"
          >
            Database max size
          </label>
          <input
            aria-invalid="false"
            class="oi-form-input form-control"
            id="engine.logParameters.sqliteLog.maxSize"
            name="engine.logParameters.sqliteLog.maxSize"
            type="integer"
            value="50000000"
          />
          <div
            class="invalid-feedback"
          />
          <small
            class="form-text text-muted"
          >
            <div>
              Max size of the sqlite database (Byte)
            </div>
          </small>
        </div>
      </div>
    </div>
  </div>
</div>
`;

exports[`SqliteLogging check change sqliteLevel to "warning" 1`] = `
<div>
  <div>
    <h6>
      SQLite
    </h6>
    <div
      class="row"
    >
      <div
        class="col-md-3"
      >
        <div
          class="form-group"
        >
          <label
            class=""
            for="engine.logParameters.sqliteLog.level"
          >
            Level
          </label>
          <select
            aria-invalid="false"
            class="oi-form-input form-control"
            id="engine.logParameters.sqliteLog.level"
            name="engine.logParameters.sqliteLog.level"
          >
            <option
              value="silly"
            >
              silly
            </option>
            <option
              value="debug"
            >
              debug
            </option>
            <option
              value="info"
            >
              info
            </option>
            <option
              value="warning"
            >
              warning
            </option>
            <option
              value="error"
            >
              error
            </option>
            <option
              value="none"
            >
              none
            </option>
          </select>
          <div
            class="invalid-feedback"
          />
          <small
            class="form-text text-muted"
          >
            <div>
              The level for the sqlite log
            </div>
          </small>
        </div>
      </div>
    </div>
    <div
      class="row"
    >
      <div
        class="col-md-4"
      >
        <div
          class="form-group"
        >
          <label
            class=""
            for="engine.logParameters.sqliteLog.fileName"
          >
            File name of sqlite db
          </label>
          <input
            aria-invalid="false"
            class="oi-form-input form-control"
            id="engine.logParameters.sqliteLog.fileName"
            name="engine.logParameters.sqliteLog.fileName"
            type="text"
            value="./logs/journal.db"
          />
          <div
            class="invalid-feedback"
          />
          <small
            class="form-text text-muted"
          >
            <div>
              The file name of the database file
            </div>
          </small>
        </div>
      </div>
      <div
        class="col-md-2"
      >
        <div
          class="form-group"
        >
          <label
            class=""
            for="engine.logParameters.sqliteLog.maxSize"
          >
            Database max size
          </label>
          <input
            aria-invalid="false"
            class="oi-form-input form-control"
            id="engine.logParameters.sqliteLog.maxSize"
            name="engine.logParameters.sqliteLog.maxSize"
            type="integer"
            value="50000000"
          />
          <div
            class="invalid-feedback"
          />
          <small
            class="form-text text-muted"
          >
            <div>
              Max size of the sqlite database (Byte)
            </div>
          </small>
        </div>
      </div>
    </div>
  </div>
</div>
`;

exports[`SqliteLogging check change sqliteLog fileName to "new_sqliteFilename" 1`] = `
<div>
  <div>
    <h6>
      SQLite
    </h6>
    <div
      class="row"
    >
      <div
        class="col-md-3"
      >
        <div
          class="form-group"
        >
          <label
            class=""
            for="engine.logParameters.sqliteLog.level"
          >
            Level
          </label>
          <select
            aria-invalid="false"
            class="oi-form-input form-control"
            id="engine.logParameters.sqliteLog.level"
            name="engine.logParameters.sqliteLog.level"
          >
            <option
              value="silly"
            >
              silly
            </option>
            <option
              value="debug"
            >
              debug
            </option>
            <option
              value="info"
            >
              info
            </option>
            <option
              value="warning"
            >
              warning
            </option>
            <option
              value="error"
            >
              error
            </option>
            <option
              value="none"
            >
              none
            </option>
          </select>
          <div
            class="invalid-feedback"
          />
          <small
            class="form-text text-muted"
          >
            <div>
              The level for the sqlite log
            </div>
          </small>
        </div>
      </div>
    </div>
    <div
      class="row"
    >
      <div
        class="col-md-4"
      >
        <div
          class="form-group"
        >
          <label
            class=""
            for="engine.logParameters.sqliteLog.fileName"
          >
            File name of sqlite db
          </label>
          <input
            aria-invalid="false"
            class="oi-form-input form-control"
            id="engine.logParameters.sqliteLog.fileName"
            name="engine.logParameters.sqliteLog.fileName"
            type="text"
            value="./logs/journal.db"
          />
          <div
            class="invalid-feedback"
          />
          <small
            class="form-text text-muted"
          >
            <div>
              The file name of the database file
            </div>
          </small>
        </div>
      </div>
      <div
        class="col-md-2"
      >
        <div
          class="form-group"
        >
          <label
            class=""
            for="engine.logParameters.sqliteLog.maxSize"
          >
            Database max size
          </label>
          <input
            aria-invalid="false"
            class="oi-form-input form-control"
            id="engine.logParameters.sqliteLog.maxSize"
            name="engine.logParameters.sqliteLog.maxSize"
            type="integer"
            value="50000000"
          />
          <div
            class="invalid-feedback"
          />
          <small
            class="form-text text-muted"
          >
            <div>
              Max size of the sqlite database (Byte)
            </div>
          </small>
        </div>
      </div>
    </div>
  </div>
</div>
`;

exports[`SqliteLogging check change sqliteLog maxSize to 10000000 1`] = `
<div>
  <div>
    <h6>
      SQLite
    </h6>
    <div
      class="row"
    >
      <div
        class="col-md-3"
      >
        <div
          class="form-group"
        >
          <label
            class=""
            for="engine.logParameters.sqliteLog.level"
          >
            Level
          </label>
          <select
            aria-invalid="false"
            class="oi-form-input form-control"
            id="engine.logParameters.sqliteLog.level"
            name="engine.logParameters.sqliteLog.level"
          >
            <option
              value="silly"
            >
              silly
            </option>
            <option
              value="debug"
            >
              debug
            </option>
            <option
              value="info"
            >
              info
            </option>
            <option
              value="warning"
            >
              warning
            </option>
            <option
              value="error"
            >
              error
            </option>
            <option
              value="none"
            >
              none
            </option>
          </select>
          <div
            class="invalid-feedback"
          />
          <small
            class="form-text text-muted"
          >
            <div>
              The level for the sqlite log
            </div>
          </small>
        </div>
      </div>
    </div>
    <div
      class="row"
    >
      <div
        class="col-md-4"
      >
        <div
          class="form-group"
        >
          <label
            class=""
            for="engine.logParameters.sqliteLog.fileName"
          >
            File name of sqlite db
          </label>
          <input
            aria-invalid="false"
            class="oi-form-input form-control"
            id="engine.logParameters.sqliteLog.fileName"
            name="engine.logParameters.sqliteLog.fileName"
            type="text"
            value="./logs/journal.db"
          />
          <div
            class="invalid-feedback"
          />
          <small
            class="form-text text-muted"
          >
            <div>
              The file name of the database file
            </div>
          </small>
        </div>
      </div>
      <div
        class="col-md-2"
      >
        <div
          class="form-group"
        >
          <label
            class=""
            for="engine.logParameters.sqliteLog.maxSize"
          >
            Database max size
          </label>
          <input
            aria-invalid="false"
            class="oi-form-input form-control"
            id="engine.logParameters.sqliteLog.maxSize"
            name="engine.logParameters.sqliteLog.maxSize"
            type="integer"
            value="50000000"
          />
          <div
            class="invalid-feedback"
          />
          <small
            class="form-text text-muted"
          >
            <div>
              Max size of the sqlite database (Byte)
            </div>
          </small>
        </div>
      </div>
    </div>
  </div>
</div>
`;
