// Jest Snapshot v1, https://goo.gl/fbAQLP

exports[`HealthSignal check HealthSignal 1`] = `
<div>
  <div
    class="row"
  >
    <h5>
      Health signal
      <button
        class="util-button mt-1 btn btn-link"
        id="id"
      >
        <svg
          class="oi-help"
          fill="currentColor"
          height="12"
          stroke="currentColor"
          stroke-width="0"
          viewBox="0 0 512 512"
          width="12"
          xmlns="http://www.w3.org/2000/svg"
        >
          <path
            d="M256 8C119.043 8 8 119.083 8 256c0 136.997 111.043 248 248 248s248-111.003 248-248C504 119.083 392.957 8 256 8zm0 448c-110.532 0-200-89.431-200-200 0-110.495 89.472-200 200-200 110.491 0 200 89.471 200 200 0 110.53-89.431 200-200 200zm107.244-255.2c0 67.052-72.421 68.084-72.421 92.863V300c0 6.627-5.373 12-12 12h-45.647c-6.627 0-12-5.373-12-12v-8.659c0-35.745 27.1-50.034 47.579-61.516 17.561-9.845 28.324-16.541 28.324-29.579 0-17.246-21.999-28.693-39.784-28.693-23.189 0-33.894 10.977-48.942 29.969-4.057 5.12-11.46 6.071-16.666 2.124l-27.824-21.098c-5.107-3.872-6.251-11.066-2.644-16.363C184.846 131.491 214.94 112 261.794 112c49.071 0 101.45 38.304 101.45 88.8zM298 368c0 23.159-18.841 42-42 42s-42-18.841-42-42 18.841-42 42-42 42 18.841 42 42z"
          />
        </svg>
      </button>
    </h5>
  </div>
  <div
    class="container-fluid"
  >
    <div
      class="collapse"
      toggler="id"
    >
      <div
        class="row"
        style="margin-bottom: 15px;"
      >
        <div
          class="col"
        >
          <p>
            This component allows to send a health signal on a given frequency to the chosen host and / or in the logs
          </p>
          <p>
            The chosen http host can also be an another OIBus instance which will forward the message based on its own HealthSignal configuration. This behaviour is similar with the loki logs.
          </p>
          <p>
            You can check the number of forwarded messages on the OIBus health status screen looking for the forwardedHealthSignalMessages field.
          </p>
        </div>
      </div>
    </div>
  </div>
  <div
    class="row"
  >
    <div
      class="col-md-1"
    >
      <h6>
        Log (info)
      </h6>
    </div>
    <div
      class="col-md-1"
    >
      <div
        class="mb-3 form-check form-switch"
      >
        <label
          class="form-check-label"
        >
          Enabled
        </label>
        <input
          checked=""
          class="oi-form-input checkbox form-check-input"
          id="engine.healthSignal.logging.enabled"
          name="engine.healthSignal.logging.enabled"
          type="checkbox"
        />
      </div>
    </div>
  </div>
  <div
    class="row"
  >
    <div
      class="col-md-2"
    >
      <div
        class="mb-3"
      >
        <label
          class="form-label"
          for="engine.healthSignal.logging.frequency"
        >
          Frequency
        </label>
        <input
          aria-invalid="false"
          class="oi-form-input form-control"
          id="engine.healthSignal.logging.frequency"
          name="engine.healthSignal.logging.frequency"
          type="integer"
          value="3600"
        />
        <div
          class="invalid-feedback"
        />
        <small
          class="form-text text-muted"
        >
          <div>
            How often to send the health signal in seconds
          </div>
        </small>
      </div>
    </div>
  </div>
  <div
    class="row"
  >
    <div
      class="col-md-1"
    >
      <h6>
        HTTP signal
      </h6>
    </div>
    <div
      class="col-md-1"
    >
      <div
        class="mb-3 form-check form-switch"
      >
        <label
          class="form-check-label"
        >
          Enabled
        </label>
        <input
          checked=""
          class="oi-form-input checkbox form-check-input"
          id="engine.healthSignal.http.enabled"
          name="engine.healthSignal.http.enabled"
          type="checkbox"
        />
      </div>
    </div>
  </div>
  <div
    class="row"
  >
    <div
      class="col-md-2"
    >
      <div
        class="mb-3"
      >
        <label
          class="form-label"
          for="engine.healthSignal.http.host"
        >
          Host
        </label>
        <input
          aria-invalid="false"
          class="oi-form-input form-control"
          id="engine.healthSignal.http.host"
          name="engine.healthSignal.http.host"
          type="text"
          value="https://hostname"
        />
        <div
          class="invalid-feedback"
        />
        <small
          class="form-text text-muted"
        >
          <div>
            The host to send the health signal
          </div>
        </small>
      </div>
    </div>
    <div
      class="col-md-2"
    >
      <div
        class="mb-3"
      >
        <label
          class="form-label"
          for="engine.healthSignal.http.endpoint"
        >
          Endpoint
        </label>
        <input
          aria-invalid="false"
          class="oi-form-input form-control"
          id="engine.healthSignal.http.endpoint"
          name="engine.healthSignal.http.endpoint"
          type="text"
          value="/api/optimistik/oibus/info"
        />
        <div
          class="invalid-feedback"
        />
        <small
          class="form-text text-muted"
        >
          <div>
            The endpoint send the health signal.
          </div>
        </small>
      </div>
    </div>
    <div
      class="col-md-2"
    >
      <div
        class="mb-3"
      >
        <label
          class="form-label"
          for="engine.healthSignal.http.frequency"
        >
          Frequency
        </label>
        <input
          aria-invalid="false"
          class="oi-form-input form-control"
          id="engine.healthSignal.http.frequency"
          name="engine.healthSignal.http.frequency"
          type="integer"
          value="300"
        />
        <div
          class="invalid-feedback"
        />
        <small
          class="form-text text-muted"
        >
          <div>
            How often to send the health signal in seconds
          </div>
        </small>
      </div>
    </div>
    <div
      class="col-md-2"
    >
      <div
        class="mb-3"
      >
        <label
          class="form-label"
          for="engine.healthSignal.http.proxy"
        >
          Proxy
        </label>
        <select
          class="oi-form-input form-select"
          id="engine.healthSignal.http.proxy"
          name="engine.healthSignal.http.proxy"
        >
          <option
            value=""
          />
        </select>
        <small
          class="form-text text-muted"
        >
          <div>
            Proxy name to use
          </div>
        </small>
      </div>
    </div>
    <div
      class="col-md-2"
    />
  </div>
  <div
    class="row"
  >
    <div
      class="col-md-8"
    >
      <h6>
        Authentication
      </h6>
      <div
        class="row"
      >
        <div
          class="col-md-2"
        >
          <div
            class="mb-3"
          >
            <label
              class="form-label"
              for="type"
            >
              Type
            </label>
            <select
              aria-invalid="false"
              class="oi-form-input form-select"
              id="type"
              name="type"
            >
              <option
                value="Basic"
              >
                Basic
              </option>
              <option
                value="API Key"
              >
                API Key
              </option>
              <option
                value="Bearer"
              >
                Bearer
              </option>
            </select>
            <div
              class="invalid-feedback"
            />
          </div>
        </div>
      </div>
      <div
        class="row"
      >
        <div
          class="col-md-4"
        >
          <div
            class="mb-3"
          >
            <label
              class="form-label"
              for="key"
            >
              User name
            </label>
            <input
              aria-invalid="false"
              class="oi-form-input form-control"
              id="key"
              name="key"
              type="text"
              value="username"
            />
            <div
              class="invalid-feedback"
            />
          </div>
        </div>
        <div
          class="col-md-4"
        >
          <div
            class="mb-3"
          >
            <label
              class="form-label"
              for="secret"
            >
              Password
            </label>
            <div
              class="input-group"
            >
              <input
                aria-invalid="false"
                class="oi-form-input form-control"
                id="secret"
                name="secret"
                type="password"
                value="password"
              />
            </div>
            <div
              class="invalid-feedback"
              style="display: inline;"
            />
          </div>
        </div>
      </div>
    </div>
  </div>
</div>
`;

exports[`HealthSignal check change healthSignal http to false 1`] = `
<div>
  <div
    class="row"
  >
    <h5>
      Health signal
      <button
        class="util-button mt-1 btn btn-link"
        id="id"
      >
        <svg
          class="oi-help"
          fill="currentColor"
          height="12"
          stroke="currentColor"
          stroke-width="0"
          viewBox="0 0 512 512"
          width="12"
          xmlns="http://www.w3.org/2000/svg"
        >
          <path
            d="M256 8C119.043 8 8 119.083 8 256c0 136.997 111.043 248 248 248s248-111.003 248-248C504 119.083 392.957 8 256 8zm0 448c-110.532 0-200-89.431-200-200 0-110.495 89.472-200 200-200 110.491 0 200 89.471 200 200 0 110.53-89.431 200-200 200zm107.244-255.2c0 67.052-72.421 68.084-72.421 92.863V300c0 6.627-5.373 12-12 12h-45.647c-6.627 0-12-5.373-12-12v-8.659c0-35.745 27.1-50.034 47.579-61.516 17.561-9.845 28.324-16.541 28.324-29.579 0-17.246-21.999-28.693-39.784-28.693-23.189 0-33.894 10.977-48.942 29.969-4.057 5.12-11.46 6.071-16.666 2.124l-27.824-21.098c-5.107-3.872-6.251-11.066-2.644-16.363C184.846 131.491 214.94 112 261.794 112c49.071 0 101.45 38.304 101.45 88.8zM298 368c0 23.159-18.841 42-42 42s-42-18.841-42-42 18.841-42 42-42 42 18.841 42 42z"
          />
        </svg>
      </button>
    </h5>
  </div>
  <div
    class="container-fluid"
  >
    <div
      class="collapse"
      toggler="id"
    >
      <div
        class="row"
        style="margin-bottom: 15px;"
      >
        <div
          class="col"
        >
          <p>
            This component allows to send a health signal on a given frequency to the chosen host and / or in the logs
          </p>
          <p>
            The chosen http host can also be an another OIBus instance which will forward the message based on its own HealthSignal configuration. This behaviour is similar with the loki logs.
          </p>
          <p>
            You can check the number of forwarded messages on the OIBus health status screen looking for the forwardedHealthSignalMessages field.
          </p>
        </div>
      </div>
    </div>
  </div>
  <div
    class="row"
  >
    <div
      class="col-md-1"
    >
      <h6>
        Log (info)
      </h6>
    </div>
    <div
      class="col-md-1"
    >
      <div
        class="mb-3 form-check form-switch"
      >
        <label
          class="form-check-label"
        >
          Enabled
        </label>
        <input
          checked=""
          class="oi-form-input checkbox form-check-input"
          id="engine.healthSignal.logging.enabled"
          name="engine.healthSignal.logging.enabled"
          type="checkbox"
        />
      </div>
    </div>
  </div>
  <div
    class="row"
  >
    <div
      class="col-md-2"
    >
      <div
        class="mb-3"
      >
        <label
          class="form-label"
          for="engine.healthSignal.logging.frequency"
        >
          Frequency
        </label>
        <input
          aria-invalid="false"
          class="oi-form-input form-control"
          id="engine.healthSignal.logging.frequency"
          name="engine.healthSignal.logging.frequency"
          type="integer"
          value="3600"
        />
        <div
          class="invalid-feedback"
        />
        <small
          class="form-text text-muted"
        >
          <div>
            How often to send the health signal in seconds
          </div>
        </small>
      </div>
    </div>
  </div>
  <div
    class="row"
  >
    <div
      class="col-md-1"
    >
      <h6>
        HTTP signal
      </h6>
    </div>
    <div
      class="col-md-1"
    >
      <div
        class="mb-3 form-check form-switch"
      >
        <label
          class="form-check-label"
        >
          Enabled
        </label>
        <input
          checked=""
          class="oi-form-input checkbox form-check-input"
          id="engine.healthSignal.http.enabled"
          name="engine.healthSignal.http.enabled"
          type="checkbox"
        />
      </div>
    </div>
  </div>
  <div
    class="row"
  >
    <div
      class="col-md-2"
    >
      <div
        class="mb-3"
      >
        <label
          class="form-label"
          for="engine.healthSignal.http.host"
        >
          Host
        </label>
        <input
          aria-invalid="false"
          class="oi-form-input form-control"
          id="engine.healthSignal.http.host"
          name="engine.healthSignal.http.host"
          type="text"
          value="https://hostname"
        />
        <div
          class="invalid-feedback"
        />
        <small
          class="form-text text-muted"
        >
          <div>
            The host to send the health signal
          </div>
        </small>
      </div>
    </div>
    <div
      class="col-md-2"
    >
      <div
        class="mb-3"
      >
        <label
          class="form-label"
          for="engine.healthSignal.http.endpoint"
        >
          Endpoint
        </label>
        <input
          aria-invalid="false"
          class="oi-form-input form-control"
          id="engine.healthSignal.http.endpoint"
          name="engine.healthSignal.http.endpoint"
          type="text"
          value="/api/optimistik/oibus/info"
        />
        <div
          class="invalid-feedback"
        />
        <small
          class="form-text text-muted"
        >
          <div>
            The endpoint send the health signal.
          </div>
        </small>
      </div>
    </div>
    <div
      class="col-md-2"
    >
      <div
        class="mb-3"
      >
        <label
          class="form-label"
          for="engine.healthSignal.http.frequency"
        >
          Frequency
        </label>
        <input
          aria-invalid="false"
          class="oi-form-input form-control"
          id="engine.healthSignal.http.frequency"
          name="engine.healthSignal.http.frequency"
          type="integer"
          value="300"
        />
        <div
          class="invalid-feedback"
        />
        <small
          class="form-text text-muted"
        >
          <div>
            How often to send the health signal in seconds
          </div>
        </small>
      </div>
    </div>
    <div
      class="col-md-2"
    >
      <div
        class="mb-3"
      >
        <label
          class="form-label"
          for="engine.healthSignal.http.proxy"
        >
          Proxy
        </label>
        <select
          class="oi-form-input form-select"
          id="engine.healthSignal.http.proxy"
          name="engine.healthSignal.http.proxy"
        >
          <option
            value=""
          />
        </select>
        <small
          class="form-text text-muted"
        >
          <div>
            Proxy name to use
          </div>
        </small>
      </div>
    </div>
    <div
      class="col-md-2"
    />
  </div>
  <div
    class="row"
  >
    <div
      class="col-md-8"
    >
      <h6>
        Authentication
      </h6>
      <div
        class="row"
      >
        <div
          class="col-md-2"
        >
          <div
            class="mb-3"
          >
            <label
              class="form-label"
              for="type"
            >
              Type
            </label>
            <select
              aria-invalid="false"
              class="oi-form-input form-select"
              id="type"
              name="type"
            >
              <option
                value="Basic"
              >
                Basic
              </option>
              <option
                value="API Key"
              >
                API Key
              </option>
              <option
                value="Bearer"
              >
                Bearer
              </option>
            </select>
            <div
              class="invalid-feedback"
            />
          </div>
        </div>
      </div>
      <div
        class="row"
      >
        <div
          class="col-md-4"
        >
          <div
            class="mb-3"
          >
            <label
              class="form-label"
              for="key"
            >
              User name
            </label>
            <input
              aria-invalid="false"
              class="oi-form-input form-control"
              id="key"
              name="key"
              type="text"
              value="username"
            />
            <div
              class="invalid-feedback"
            />
          </div>
        </div>
        <div
          class="col-md-4"
        >
          <div
            class="mb-3"
          >
            <label
              class="form-label"
              for="secret"
            >
              Password
            </label>
            <div
              class="input-group"
            >
              <input
                aria-invalid="false"
                class="oi-form-input form-control"
                id="secret"
                name="secret"
                type="password"
                value="password"
              />
            </div>
            <div
              class="invalid-feedback"
              style="display: inline;"
            />
          </div>
        </div>
      </div>
    </div>
  </div>
</div>
`;

exports[`HealthSignal check change healthSignal log to false 1`] = `
<div>
  <div
    class="row"
  >
    <h5>
      Health signal
      <button
        class="util-button mt-1 btn btn-link"
        id="id"
      >
        <svg
          class="oi-help"
          fill="currentColor"
          height="12"
          stroke="currentColor"
          stroke-width="0"
          viewBox="0 0 512 512"
          width="12"
          xmlns="http://www.w3.org/2000/svg"
        >
          <path
            d="M256 8C119.043 8 8 119.083 8 256c0 136.997 111.043 248 248 248s248-111.003 248-248C504 119.083 392.957 8 256 8zm0 448c-110.532 0-200-89.431-200-200 0-110.495 89.472-200 200-200 110.491 0 200 89.471 200 200 0 110.53-89.431 200-200 200zm107.244-255.2c0 67.052-72.421 68.084-72.421 92.863V300c0 6.627-5.373 12-12 12h-45.647c-6.627 0-12-5.373-12-12v-8.659c0-35.745 27.1-50.034 47.579-61.516 17.561-9.845 28.324-16.541 28.324-29.579 0-17.246-21.999-28.693-39.784-28.693-23.189 0-33.894 10.977-48.942 29.969-4.057 5.12-11.46 6.071-16.666 2.124l-27.824-21.098c-5.107-3.872-6.251-11.066-2.644-16.363C184.846 131.491 214.94 112 261.794 112c49.071 0 101.45 38.304 101.45 88.8zM298 368c0 23.159-18.841 42-42 42s-42-18.841-42-42 18.841-42 42-42 42 18.841 42 42z"
          />
        </svg>
      </button>
    </h5>
  </div>
  <div
    class="container-fluid"
  >
    <div
      class="collapse"
      toggler="id"
    >
      <div
        class="row"
        style="margin-bottom: 15px;"
      >
        <div
          class="col"
        >
          <p>
            This component allows to send a health signal on a given frequency to the chosen host and / or in the logs
          </p>
          <p>
            The chosen http host can also be an another OIBus instance which will forward the message based on its own HealthSignal configuration. This behaviour is similar with the loki logs.
          </p>
          <p>
            You can check the number of forwarded messages on the OIBus health status screen looking for the forwardedHealthSignalMessages field.
          </p>
        </div>
      </div>
    </div>
  </div>
  <div
    class="row"
  >
    <div
      class="col-md-1"
    >
      <h6>
        Log (info)
      </h6>
    </div>
    <div
      class="col-md-1"
    >
      <div
        class="mb-3 form-check form-switch"
      >
        <label
          class="form-check-label"
        >
          Enabled
        </label>
        <input
          checked=""
          class="oi-form-input checkbox form-check-input"
          id="engine.healthSignal.logging.enabled"
          name="engine.healthSignal.logging.enabled"
          type="checkbox"
        />
      </div>
    </div>
  </div>
  <div
    class="row"
  >
    <div
      class="col-md-2"
    >
      <div
        class="mb-3"
      >
        <label
          class="form-label"
          for="engine.healthSignal.logging.frequency"
        >
          Frequency
        </label>
        <input
          aria-invalid="false"
          class="oi-form-input form-control"
          id="engine.healthSignal.logging.frequency"
          name="engine.healthSignal.logging.frequency"
          type="integer"
          value="3600"
        />
        <div
          class="invalid-feedback"
        />
        <small
          class="form-text text-muted"
        >
          <div>
            How often to send the health signal in seconds
          </div>
        </small>
      </div>
    </div>
  </div>
  <div
    class="row"
  >
    <div
      class="col-md-1"
    >
      <h6>
        HTTP signal
      </h6>
    </div>
    <div
      class="col-md-1"
    >
      <div
        class="mb-3 form-check form-switch"
      >
        <label
          class="form-check-label"
        >
          Enabled
        </label>
        <input
          checked=""
          class="oi-form-input checkbox form-check-input"
          id="engine.healthSignal.http.enabled"
          name="engine.healthSignal.http.enabled"
          type="checkbox"
        />
      </div>
    </div>
  </div>
  <div
    class="row"
  >
    <div
      class="col-md-2"
    >
      <div
        class="mb-3"
      >
        <label
          class="form-label"
          for="engine.healthSignal.http.host"
        >
          Host
        </label>
        <input
          aria-invalid="false"
          class="oi-form-input form-control"
          id="engine.healthSignal.http.host"
          name="engine.healthSignal.http.host"
          type="text"
          value="https://hostname"
        />
        <div
          class="invalid-feedback"
        />
        <small
          class="form-text text-muted"
        >
          <div>
            The host to send the health signal
          </div>
        </small>
      </div>
    </div>
    <div
      class="col-md-2"
    >
      <div
        class="mb-3"
      >
        <label
          class="form-label"
          for="engine.healthSignal.http.endpoint"
        >
          Endpoint
        </label>
        <input
          aria-invalid="false"
          class="oi-form-input form-control"
          id="engine.healthSignal.http.endpoint"
          name="engine.healthSignal.http.endpoint"
          type="text"
          value="/api/optimistik/oibus/info"
        />
        <div
          class="invalid-feedback"
        />
        <small
          class="form-text text-muted"
        >
          <div>
            The endpoint send the health signal.
          </div>
        </small>
      </div>
    </div>
    <div
      class="col-md-2"
    >
      <div
        class="mb-3"
      >
        <label
          class="form-label"
          for="engine.healthSignal.http.frequency"
        >
          Frequency
        </label>
        <input
          aria-invalid="false"
          class="oi-form-input form-control"
          id="engine.healthSignal.http.frequency"
          name="engine.healthSignal.http.frequency"
          type="integer"
          value="300"
        />
        <div
          class="invalid-feedback"
        />
        <small
          class="form-text text-muted"
        >
          <div>
            How often to send the health signal in seconds
          </div>
        </small>
      </div>
    </div>
    <div
      class="col-md-2"
    >
      <div
        class="mb-3"
      >
        <label
          class="form-label"
          for="engine.healthSignal.http.proxy"
        >
          Proxy
        </label>
        <select
          class="oi-form-input form-select"
          id="engine.healthSignal.http.proxy"
          name="engine.healthSignal.http.proxy"
        >
          <option
            value=""
          />
        </select>
        <small
          class="form-text text-muted"
        >
          <div>
            Proxy name to use
          </div>
        </small>
      </div>
    </div>
    <div
      class="col-md-2"
    />
  </div>
  <div
    class="row"
  >
    <div
      class="col-md-8"
    >
      <h6>
        Authentication
      </h6>
      <div
        class="row"
      >
        <div
          class="col-md-2"
        >
          <div
            class="mb-3"
          >
            <label
              class="form-label"
              for="type"
            >
              Type
            </label>
            <select
              aria-invalid="false"
              class="oi-form-input form-select"
              id="type"
              name="type"
            >
              <option
                value="Basic"
              >
                Basic
              </option>
              <option
                value="API Key"
              >
                API Key
              </option>
              <option
                value="Bearer"
              >
                Bearer
              </option>
            </select>
            <div
              class="invalid-feedback"
            />
          </div>
        </div>
      </div>
      <div
        class="row"
      >
        <div
          class="col-md-4"
        >
          <div
            class="mb-3"
          >
            <label
              class="form-label"
              for="key"
            >
              User name
            </label>
            <input
              aria-invalid="false"
              class="oi-form-input form-control"
              id="key"
              name="key"
              type="text"
              value="username"
            />
            <div
              class="invalid-feedback"
            />
          </div>
        </div>
        <div
          class="col-md-4"
        >
          <div
            class="mb-3"
          >
            <label
              class="form-label"
              for="secret"
            >
              Password
            </label>
            <div
              class="input-group"
            >
              <input
                aria-invalid="false"
                class="oi-form-input form-control"
                id="secret"
                name="secret"
                type="password"
                value="password"
              />
            </div>
            <div
              class="invalid-feedback"
              style="display: inline;"
            />
          </div>
        </div>
      </div>
    </div>
  </div>
</div>
`;
