// Jest Snapshot v1, https://goo.gl/fbAQLP

exports[`ConfigureSouth check ConfigureSouth 1`] = `
<div>
  <div
    class="d-flex align-items-center w-100 oi-sub-nav"
  >
    <h6
      class="text-muted d-flex align-items-center ps-3 pt-2 pb-2 mb-0"
    >
      <div>
        TestFolderScanner
      </div>
      <svg
        class="oi-icon mx-2"
        fill="currentColor"
        height="1em"
        stroke="currentColor"
        stroke-width="0"
        viewBox="0 0 512 512"
        width="1em"
        xmlns="http://www.w3.org/2000/svg"
      >
        <path
          d="M497.9 142.1l-46.1 46.1c-4.7 4.7-12.3 4.7-17 0l-111-111c-4.7-4.7-4.7-12.3 0-17l46.1-46.1c18.7-18.7 49.1-18.7 67.9 0l60.1 60.1c18.8 18.7 18.8 49.1 0 67.9zM284.2 99.8L21.6 362.4.4 483.9c-2.9 16.4 11.4 30.6 27.8 27.8l121.5-21.3 262.6-262.6c4.7-4.7 4.7-12.3 0-17l-111-111c-4.8-4.7-12.4-4.7-17.1 0zM124.1 339.9c-5.5-5.5-5.5-14.3 0-19.8l154-154c5.5-5.5 14.3-5.5 19.8 0s5.5 14.3 0 19.8l-154 154c-5.5 5.5-14.3 5.5-19.8 0zM88 424h48v36.3l-64.5 11.3-31.1-31.1L51.7 376H88v48z"
        />
      </svg>
    </h6>
    <div
      class="pull-right me-3"
    >
      <button
        class="inline-button autosize oi-status-button btn btn-outline-secondary btn-sm"
        type="button"
      >
        Status
      </button>
      <button
        class="inline-button autosize oi-points-button btn btn-secondary btn-sm disabled"
        disabled=""
      >
        File
      </button>
    </div>
  </div>
  <div
    class="container-fluid"
  >
    <form
      class="m-2"
    >
      <div
        class="row"
      >
        <h5>
          General settings
          <button
            class="util-button mt-1 btn btn-link"
            id="id"
          >
            <svg
              class="oi-help"
              fill="currentColor"
              height="12"
              stroke="currentColor"
              stroke-width="0"
              viewBox="0 0 512 512"
              width="12"
              xmlns="http://www.w3.org/2000/svg"
            >
              <path
                d="M256 8C119.043 8 8 119.083 8 256c0 136.997 111.043 248 248 248s248-111.003 248-248C504 119.083 392.957 8 256 8zm0 448c-110.532 0-200-89.431-200-200 0-110.495 89.472-200 200-200 110.491 0 200 89.471 200 200 0 110.53-89.431 200-200 200zm107.244-255.2c0 67.052-72.421 68.084-72.421 92.863V300c0 6.627-5.373 12-12 12h-45.647c-6.627 0-12-5.373-12-12v-8.659c0-35.745 27.1-50.034 47.579-61.516 17.561-9.845 28.324-16.541 28.324-29.579 0-17.246-21.999-28.693-39.784-28.693-23.189 0-33.894 10.977-48.942 29.969-4.057 5.12-11.46 6.071-16.666 2.124l-27.824-21.098c-5.107-3.872-6.251-11.066-2.644-16.363C184.846 131.491 214.94 112 261.794 112c49.071 0 101.45 38.304 101.45 88.8zM298 368c0 23.159-18.841 42-42 42s-42-18.841-42-42 18.841-42 42-42 42 18.841 42 42z"
              />
            </svg>
          </button>
        </h5>
      </div>
      <div
        class="container-fluid"
      >
        <div
          class="collapse"
          toggler="id"
        >
          <div
            class="row"
            style="margin-bottom: 15px;"
          >
            <div
              class="col"
            >
              <ul>
                <li>
                  This form allows to configure South-specific parameters.
                </li>
                <li>
                  You need to activate the South connector with the enabled checkbox.
                </li>
              </ul>
            </div>
          </div>
        </div>
      </div>
      <div
        class="row"
      >
        <div
          class="col-md-4"
        >
          <div
            class="mb-3 form-check form-switch"
          >
            <label
              class="form-check-label"
            >
              Disabled
            </label>
            <input
              class="oi-form-input checkbox form-check-input"
              id="south.0.enabled"
              name="south.0.enabled"
              type="checkbox"
            />
            <small
              class="form-text text-muted"
            >
              <div>
                Enable this South connector
              </div>
            </small>
          </div>
        </div>
        <div
          class="col-md-4"
        >
          <div
            class="mb-3"
          >
            <select
              aria-invalid="false"
              class="oi-form-input form-select"
              id="south.0.scanMode"
              name="south.0.scanMode"
            >
              <option
                value="everySecond"
              >
                everySecond
              </option>
              <option
                value="every10Second"
              >
                every10Second
              </option>
              <option
                value="every1Min"
              >
                every1Min
              </option>
              <option
                value="listen"
              >
                listen
              </option>
            </select>
            <div
              class="invalid-feedback"
            />
          </div>
        </div>
      </div>
      <div
        class="row"
      >
        <div
          class="col-md-12"
        >
          <div
            class="row"
          >
            <h5>
              FolderScanner settings
              <button
                class="util-button mt-1 btn btn-link"
                id="id"
              >
                <svg
                  class="oi-help"
                  fill="currentColor"
                  height="12"
                  stroke="currentColor"
                  stroke-width="0"
                  viewBox="0 0 512 512"
                  width="12"
                  xmlns="http://www.w3.org/2000/svg"
                >
                  <path
                    d="M256 8C119.043 8 8 119.083 8 256c0 136.997 111.043 248 248 248s248-111.003 248-248C504 119.083 392.957 8 256 8zm0 448c-110.532 0-200-89.431-200-200 0-110.495 89.472-200 200-200 110.491 0 200 89.471 200 200 0 110.53-89.431 200-200 200zm107.244-255.2c0 67.052-72.421 68.084-72.421 92.863V300c0 6.627-5.373 12-12 12h-45.647c-6.627 0-12-5.373-12-12v-8.659c0-35.745 27.1-50.034 47.579-61.516 17.561-9.845 28.324-16.541 28.324-29.579 0-17.246-21.999-28.693-39.784-28.693-23.189 0-33.894 10.977-48.942 29.969-4.057 5.12-11.46 6.071-16.666 2.124l-27.824-21.098c-5.107-3.872-6.251-11.066-2.644-16.363C184.846 131.491 214.94 112 261.794 112c49.071 0 101.45 38.304 101.45 88.8zM298 368c0 23.159-18.841 42-42 42s-42-18.841-42-42 18.841-42 42-42 42 18.841 42 42z"
                  />
                </svg>
              </button>
            </h5>
          </div>
          <div
            class="container-fluid"
          >
            <div
              class="collapse"
              toggler="id"
            >
              <div
                class="row"
                style="margin-bottom: 15px;"
              >
                <div
                  class="col"
                >
                  <p>
                    The FolderScanner South periodically checks the input folder for new files at an interval specified by scan mode. When a new file is detected it will be sent to any North capable of handling files and configured to accept files from this South.
                  </p>
                  <p>
                    Please use always the / separator. OIBus will convert it according to the platform. For example, on Windows, c:/input/ will be converted to c:\\input\\ Make sure OIBus has READ and WRITE access to this folder.
                    <b>
                      When OIBus is started as a Windows service, you may have to assign a user logon in the Windows services.msc console.
                    </b>
                  </p>
                  <p>
                    It is possible to specify how to handle files.
                  </p>
                  <ul>
                    <li>
                      If Preserve File is checked the files will be left intact, otherwise they will be removed from the input folder.
                    </li>
                    <li>
                      If Ignore Modified Date is checked the last edited time of the file will be ignored when the file is preserved. This implies that a file will be sent at each scan of the folder
                    </li>
                    <li>
                      The Minimum Age option is used to specify the time since the file was last modified. It is used to prevent handling files that are still populated.
                    </li>
                    <li>
                      The RegExp option can be used to filter what kind of files to be handled.
                    </li>
                  </ul>
                </div>
              </div>
            </div>
          </div>
        </div>
      </div>
      <div
        class="row"
      >
        <div
          class="col-md-4"
        >
          <div
            class="mb-3"
          >
            <label
              class="form-label"
              for="south.0.settings.inputFolder"
            >
              Input folder
            </label>
            <input
              aria-invalid="false"
              class="oi-form-input form-control"
              id="south.0.settings.inputFolder"
              name="south.0.settings.inputFolder"
              type="text"
              value="./input/"
            />
            <div
              class="invalid-feedback"
            />
            <small
              class="form-text text-muted"
            >
              <div>
                Path to folder such as: c:/input/
              </div>
            </small>
          </div>
        </div>
      </div>
      <div
        class="row"
      >
        <div
          class="col-md-4"
        >
          <div
            class="mb-3 form-check form-switch"
          >
            <label
              class="form-check-label"
            >
              Preserve File?
            </label>
            <input
              checked=""
              class="oi-form-input checkbox form-check-input"
              id="south.0.settings.preserveFiles"
              name="south.0.settings.preserveFiles"
              type="checkbox"
            />
          </div>
        </div>
        <div
          class="col-md-4"
        >
          <div
            class="mb-3 form-check form-switch"
          >
            <label
              class="form-check-label"
            >
              Ignore modified date
            </label>
            <input
              class="oi-form-input checkbox form-check-input"
              id="south.0.settings.ignoreModifiedDate"
              name="south.0.settings.ignoreModifiedDate"
              type="checkbox"
            />
          </div>
        </div>
      </div>
      <div
        class="row"
      >
        <div
          class="col-md-4"
        >
          <div
            class="mb-3"
          >
            <label
              class="form-label"
              for="south.0.settings.minAge"
            >
              Minimum Age
            </label>
            <input
              aria-invalid="false"
              class="oi-form-input form-control"
              id="south.0.settings.minAge"
              name="south.0.settings.minAge"
              type="integer"
              value="0"
            />
            <div
              class="invalid-feedback"
            />
          </div>
        </div>
      </div>
      <div
        class="row"
      >
        <div
          class="col-md-4"
        >
          <div
            class="mb-3"
          >
            <label
              class="form-label"
              for="south.0.settings.regex"
            >
              RegExp
            </label>
            <input
              aria-invalid="false"
              class="oi-form-input form-control"
              id="south.0.settings.regex"
              name="south.0.settings.regex"
              type="text"
              value=".csv"
            />
            <div
              class="invalid-feedback"
            />
            <small
              class="form-text text-muted"
            >
              <div>
                RegExp to filter the folder
              </div>
            </small>
          </div>
        </div>
      </div>
      <div
        class="row"
      >
        <div
          class="col-md-4"
        >
          <div
            class="mb-3 form-check form-switch"
          >
            <label
              class="form-check-label"
            >
              Compress File?
            </label>
            <input
              class="oi-form-input checkbox form-check-input"
              id="south.0.settings.compression"
              name="south.0.settings.compression"
              type="checkbox"
            />
          </div>
        </div>
      </div>
    </form>
  </div>
</div>
`;

exports[`ConfigureSouth check south not found 1`] = `
<div>
  <div
    class="spinner-container"
  >
    <div
      class="spinner-grow text-primary"
      role="status"
    >
      <span
        class="visually-hidden"
      >
        Loading...
      </span>
    </div>
    ...loading configuration from OIBus server...
  </div>
</div>
`;

exports[`ConfigureSouth check update 1`] = `
<div>
  <div
    class="d-flex align-items-center w-100 oi-sub-nav"
  >
    <h6
      class="text-muted d-flex align-items-center ps-3 pt-2 pb-2 mb-0"
    >
      <div>
        TestFolderScanner
      </div>
      <svg
        class="oi-icon mx-2"
        fill="currentColor"
        height="1em"
        stroke="currentColor"
        stroke-width="0"
        viewBox="0 0 512 512"
        width="1em"
        xmlns="http://www.w3.org/2000/svg"
      >
        <path
          d="M497.9 142.1l-46.1 46.1c-4.7 4.7-12.3 4.7-17 0l-111-111c-4.7-4.7-4.7-12.3 0-17l46.1-46.1c18.7-18.7 49.1-18.7 67.9 0l60.1 60.1c18.8 18.7 18.8 49.1 0 67.9zM284.2 99.8L21.6 362.4.4 483.9c-2.9 16.4 11.4 30.6 27.8 27.8l121.5-21.3 262.6-262.6c4.7-4.7 4.7-12.3 0-17l-111-111c-4.8-4.7-12.4-4.7-17.1 0zM124.1 339.9c-5.5-5.5-5.5-14.3 0-19.8l154-154c5.5-5.5 14.3-5.5 19.8 0s5.5 14.3 0 19.8l-154 154c-5.5 5.5-14.3 5.5-19.8 0zM88 424h48v36.3l-64.5 11.3-31.1-31.1L51.7 376H88v48z"
        />
      </svg>
    </h6>
    <div
      class="pull-right me-3"
    >
      <button
        class="inline-button autosize oi-status-button btn btn-outline-secondary btn-sm"
        type="button"
      >
        Status
      </button>
      <button
        class="inline-button autosize oi-points-button btn btn-secondary btn-sm disabled"
        disabled=""
      >
        File
      </button>
    </div>
  </div>
  <div
    class="container-fluid"
  >
    <form
      class="m-2"
    >
      <div
        class="row"
      >
        <h5>
          General settings
          <button
            class="util-button mt-1 btn btn-link"
            id="id"
          >
            <svg
              class="oi-help"
              fill="currentColor"
              height="12"
              stroke="currentColor"
              stroke-width="0"
              viewBox="0 0 512 512"
              width="12"
              xmlns="http://www.w3.org/2000/svg"
            >
              <path
                d="M256 8C119.043 8 8 119.083 8 256c0 136.997 111.043 248 248 248s248-111.003 248-248C504 119.083 392.957 8 256 8zm0 448c-110.532 0-200-89.431-200-200 0-110.495 89.472-200 200-200 110.491 0 200 89.471 200 200 0 110.53-89.431 200-200 200zm107.244-255.2c0 67.052-72.421 68.084-72.421 92.863V300c0 6.627-5.373 12-12 12h-45.647c-6.627 0-12-5.373-12-12v-8.659c0-35.745 27.1-50.034 47.579-61.516 17.561-9.845 28.324-16.541 28.324-29.579 0-17.246-21.999-28.693-39.784-28.693-23.189 0-33.894 10.977-48.942 29.969-4.057 5.12-11.46 6.071-16.666 2.124l-27.824-21.098c-5.107-3.872-6.251-11.066-2.644-16.363C184.846 131.491 214.94 112 261.794 112c49.071 0 101.45 38.304 101.45 88.8zM298 368c0 23.159-18.841 42-42 42s-42-18.841-42-42 18.841-42 42-42 42 18.841 42 42z"
              />
            </svg>
          </button>
        </h5>
      </div>
      <div
        class="container-fluid"
      >
        <div
          class="collapse"
          toggler="id"
        >
          <div
            class="row"
            style="margin-bottom: 15px;"
          >
            <div
              class="col"
            >
              <ul>
                <li>
                  This form allows to configure South-specific parameters.
                </li>
                <li>
                  You need to activate the South connector with the enabled checkbox.
                </li>
              </ul>
            </div>
          </div>
        </div>
      </div>
      <div
        class="row"
      >
        <div
          class="col-md-4"
        >
          <div
            class="mb-3 form-check form-switch"
          >
            <label
              class="form-check-label"
            >
              Disabled
            </label>
            <input
              class="oi-form-input checkbox form-check-input"
              id="south.0.enabled"
              name="south.0.enabled"
              type="checkbox"
            />
            <small
              class="form-text text-muted"
            >
              <div>
                Enable this South connector
              </div>
            </small>
          </div>
        </div>
        <div
          class="col-md-4"
        >
          <div
            class="mb-3"
          >
            <select
              aria-invalid="false"
              class="oi-form-input form-select"
              id="south.0.scanMode"
              name="south.0.scanMode"
            >
              <option
                value="everySecond"
              >
                everySecond
              </option>
              <option
                value="every10Second"
              >
                every10Second
              </option>
              <option
                value="every1Min"
              >
                every1Min
              </option>
              <option
                value="listen"
              >
                listen
              </option>
            </select>
            <div
              class="invalid-feedback"
            />
          </div>
        </div>
      </div>
      <div
        class="row"
      >
        <div
          class="col-md-12"
        >
          <div
            class="row"
          >
            <h5>
              FolderScanner settings
              <button
                class="util-button mt-1 btn btn-link"
                id="id"
              >
                <svg
                  class="oi-help"
                  fill="currentColor"
                  height="12"
                  stroke="currentColor"
                  stroke-width="0"
                  viewBox="0 0 512 512"
                  width="12"
                  xmlns="http://www.w3.org/2000/svg"
                >
                  <path
                    d="M256 8C119.043 8 8 119.083 8 256c0 136.997 111.043 248 248 248s248-111.003 248-248C504 119.083 392.957 8 256 8zm0 448c-110.532 0-200-89.431-200-200 0-110.495 89.472-200 200-200 110.491 0 200 89.471 200 200 0 110.53-89.431 200-200 200zm107.244-255.2c0 67.052-72.421 68.084-72.421 92.863V300c0 6.627-5.373 12-12 12h-45.647c-6.627 0-12-5.373-12-12v-8.659c0-35.745 27.1-50.034 47.579-61.516 17.561-9.845 28.324-16.541 28.324-29.579 0-17.246-21.999-28.693-39.784-28.693-23.189 0-33.894 10.977-48.942 29.969-4.057 5.12-11.46 6.071-16.666 2.124l-27.824-21.098c-5.107-3.872-6.251-11.066-2.644-16.363C184.846 131.491 214.94 112 261.794 112c49.071 0 101.45 38.304 101.45 88.8zM298 368c0 23.159-18.841 42-42 42s-42-18.841-42-42 18.841-42 42-42 42 18.841 42 42z"
                  />
                </svg>
              </button>
            </h5>
          </div>
          <div
            class="container-fluid"
          >
            <div
              class="collapse"
              toggler="id"
            >
              <div
                class="row"
                style="margin-bottom: 15px;"
              >
                <div
                  class="col"
                >
                  <p>
                    The FolderScanner South periodically checks the input folder for new files at an interval specified by scan mode. When a new file is detected it will be sent to any North capable of handling files and configured to accept files from this South.
                  </p>
                  <p>
                    Please use always the / separator. OIBus will convert it according to the platform. For example, on Windows, c:/input/ will be converted to c:\\input\\ Make sure OIBus has READ and WRITE access to this folder.
                    <b>
                      When OIBus is started as a Windows service, you may have to assign a user logon in the Windows services.msc console.
                    </b>
                  </p>
                  <p>
                    It is possible to specify how to handle files.
                  </p>
                  <ul>
                    <li>
                      If Preserve File is checked the files will be left intact, otherwise they will be removed from the input folder.
                    </li>
                    <li>
                      If Ignore Modified Date is checked the last edited time of the file will be ignored when the file is preserved. This implies that a file will be sent at each scan of the folder
                    </li>
                    <li>
                      The Minimum Age option is used to specify the time since the file was last modified. It is used to prevent handling files that are still populated.
                    </li>
                    <li>
                      The RegExp option can be used to filter what kind of files to be handled.
                    </li>
                  </ul>
                </div>
              </div>
            </div>
          </div>
        </div>
      </div>
      <div
        class="row"
      >
        <div
          class="col-md-4"
        >
          <div
            class="mb-3"
          >
            <label
              class="form-label"
              for="south.0.settings.inputFolder"
            >
              Input folder
            </label>
            <input
              aria-invalid="false"
              class="oi-form-input form-control"
              id="south.0.settings.inputFolder"
              name="south.0.settings.inputFolder"
              type="text"
              value="./input/"
            />
            <div
              class="invalid-feedback"
            />
            <small
              class="form-text text-muted"
            >
              <div>
                Path to folder such as: c:/input/
              </div>
            </small>
          </div>
        </div>
      </div>
      <div
        class="row"
      >
        <div
          class="col-md-4"
        >
          <div
            class="mb-3 form-check form-switch"
          >
            <label
              class="form-check-label"
            >
              Preserve File?
            </label>
            <input
              checked=""
              class="oi-form-input checkbox form-check-input"
              id="south.0.settings.preserveFiles"
              name="south.0.settings.preserveFiles"
              type="checkbox"
            />
          </div>
        </div>
        <div
          class="col-md-4"
        >
          <div
            class="mb-3 form-check form-switch"
          >
            <label
              class="form-check-label"
            >
              Ignore modified date
            </label>
            <input
              class="oi-form-input checkbox form-check-input"
              id="south.0.settings.ignoreModifiedDate"
              name="south.0.settings.ignoreModifiedDate"
              type="checkbox"
            />
          </div>
        </div>
      </div>
      <div
        class="row"
      >
        <div
          class="col-md-4"
        >
          <div
            class="mb-3"
          >
            <label
              class="form-label"
              for="south.0.settings.minAge"
            >
              Minimum Age
            </label>
            <input
              aria-invalid="false"
              class="oi-form-input form-control"
              id="south.0.settings.minAge"
              name="south.0.settings.minAge"
              type="integer"
              value="0"
            />
            <div
              class="invalid-feedback"
            />
          </div>
        </div>
      </div>
      <div
        class="row"
      >
        <div
          class="col-md-4"
        >
          <div
            class="mb-3"
          >
            <label
              class="form-label"
              for="south.0.settings.regex"
            >
              RegExp
            </label>
            <input
              aria-invalid="false"
              class="oi-form-input form-control"
              id="south.0.settings.regex"
              name="south.0.settings.regex"
              type="text"
              value=".csv"
            />
            <div
              class="invalid-feedback"
            />
            <small
              class="form-text text-muted"
            >
              <div>
                RegExp to filter the folder
              </div>
            </small>
          </div>
        </div>
      </div>
      <div
        class="row"
      >
        <div
          class="col-md-4"
        >
          <div
            class="mb-3 form-check form-switch"
          >
            <label
              class="form-check-label"
            >
              Compress File?
            </label>
            <input
              class="oi-form-input checkbox form-check-input"
              id="south.0.settings.compression"
              name="south.0.settings.compression"
              type="checkbox"
            />
          </div>
        </div>
      </div>
    </form>
  </div>
</div>
`;
