// Jest Snapshot v1, https://goo.gl/fbAQLP

exports[`OIbForm check Form with value="{ form: {} } 1`] = `<div />`;
