// Jest Snapshot v1, https://goo.gl/fbAQLP

exports[`OIbTitle check Title with no children 1`] = `
<div>
  <div
    class="row"
  >
    <h5>
      a title
    </h5>
  </div>
  <div
    class="container-fluid"
  />
</div>
`;
